Archive member included to satisfy reference by file (symbol)

C:/ST/STM32CubeIDE_1.14.0/STM32CubeIDE/plugins/com.st.stm32cube.ide.mcu.externaltools.gnu-tools-for-stm32.12.3.rel1.win32_1.0.100.202403111256/tools/bin/../lib/gcc/arm-none-eabi/12.3.1/../../../../arm-none-eabi/lib/thumb/v7e-m+fp/hard\libc_nano.a(libc_a-exit.o)
                              C:/ST/STM32CubeIDE_1.14.0/STM32CubeIDE/plugins/com.st.stm32cube.ide.mcu.externaltools.gnu-tools-for-stm32.12.3.rel1.win32_1.0.100.202403111256/tools/bin/../lib/gcc/arm-none-eabi/12.3.1/../../../../arm-none-eabi/lib/thumb/v7e-m+fp/hard/crt0.o (exit)
C:/ST/STM32CubeIDE_1.14.0/STM32CubeIDE/plugins/com.st.stm32cube.ide.mcu.externaltools.gnu-tools-for-stm32.12.3.rel1.win32_1.0.100.202403111256/tools/bin/../lib/gcc/arm-none-eabi/12.3.1/../../../../arm-none-eabi/lib/thumb/v7e-m+fp/hard\libc_nano.a(libc_a-findfp.o)
                              C:/ST/STM32CubeIDE_1.14.0/STM32CubeIDE/plugins/com.st.stm32cube.ide.mcu.externaltools.gnu-tools-for-stm32.12.3.rel1.win32_1.0.100.202403111256/tools/bin/../lib/gcc/arm-none-eabi/12.3.1/../../../../arm-none-eabi/lib/thumb/v7e-m+fp/hard\libc_nano.a(libc_a-exit.o) (__stdio_exit_handler)
C:/ST/STM32CubeIDE_1.14.0/STM32CubeIDE/plugins/com.st.stm32cube.ide.mcu.externaltools.gnu-tools-for-stm32.12.3.rel1.win32_1.0.100.202403111256/tools/bin/../lib/gcc/arm-none-eabi/12.3.1/../../../../arm-none-eabi/lib/thumb/v7e-m+fp/hard\libc_nano.a(libc_a-fwalk.o)
                              C:/ST/STM32CubeIDE_1.14.0/STM32CubeIDE/plugins/com.st.stm32cube.ide.mcu.externaltools.gnu-tools-for-stm32.12.3.rel1.win32_1.0.100.202403111256/tools/bin/../lib/gcc/arm-none-eabi/12.3.1/../../../../arm-none-eabi/lib/thumb/v7e-m+fp/hard\libc_nano.a(libc_a-findfp.o) (_fwalk_sglue)
C:/ST/STM32CubeIDE_1.14.0/STM32CubeIDE/plugins/com.st.stm32cube.ide.mcu.externaltools.gnu-tools-for-stm32.12.3.rel1.win32_1.0.100.202403111256/tools/bin/../lib/gcc/arm-none-eabi/12.3.1/../../../../arm-none-eabi/lib/thumb/v7e-m+fp/hard\libc_nano.a(libc_a-stdio.o)
                              C:/ST/STM32CubeIDE_1.14.0/STM32CubeIDE/plugins/com.st.stm32cube.ide.mcu.externaltools.gnu-tools-for-stm32.12.3.rel1.win32_1.0.100.202403111256/tools/bin/../lib/gcc/arm-none-eabi/12.3.1/../../../../arm-none-eabi/lib/thumb/v7e-m+fp/hard\libc_nano.a(libc_a-findfp.o) (__sread)
C:/ST/STM32CubeIDE_1.14.0/STM32CubeIDE/plugins/com.st.stm32cube.ide.mcu.externaltools.gnu-tools-for-stm32.12.3.rel1.win32_1.0.100.202403111256/tools/bin/../lib/gcc/arm-none-eabi/12.3.1/../../../../arm-none-eabi/lib/thumb/v7e-m+fp/hard\libc_nano.a(libc_a-memset.o)
                              C:/ST/STM32CubeIDE_1.14.0/STM32CubeIDE/plugins/com.st.stm32cube.ide.mcu.externaltools.gnu-tools-for-stm32.12.3.rel1.win32_1.0.100.202403111256/tools/bin/../lib/gcc/arm-none-eabi/12.3.1/../../../../arm-none-eabi/lib/thumb/v7e-m+fp/hard/crt0.o (memset)
C:/ST/STM32CubeIDE_1.14.0/STM32CubeIDE/plugins/com.st.stm32cube.ide.mcu.externaltools.gnu-tools-for-stm32.12.3.rel1.win32_1.0.100.202403111256/tools/bin/../lib/gcc/arm-none-eabi/12.3.1/../../../../arm-none-eabi/lib/thumb/v7e-m+fp/hard\libc_nano.a(libc_a-closer.o)
                              C:/ST/STM32CubeIDE_1.14.0/STM32CubeIDE/plugins/com.st.stm32cube.ide.mcu.externaltools.gnu-tools-for-stm32.12.3.rel1.win32_1.0.100.202403111256/tools/bin/../lib/gcc/arm-none-eabi/12.3.1/../../../../arm-none-eabi/lib/thumb/v7e-m+fp/hard\libc_nano.a(libc_a-stdio.o) (_close_r)
C:/ST/STM32CubeIDE_1.14.0/STM32CubeIDE/plugins/com.st.stm32cube.ide.mcu.externaltools.gnu-tools-for-stm32.12.3.rel1.win32_1.0.100.202403111256/tools/bin/../lib/gcc/arm-none-eabi/12.3.1/../../../../arm-none-eabi/lib/thumb/v7e-m+fp/hard\libc_nano.a(libc_a-reent.o)
                              C:/ST/STM32CubeIDE_1.14.0/STM32CubeIDE/plugins/com.st.stm32cube.ide.mcu.externaltools.gnu-tools-for-stm32.12.3.rel1.win32_1.0.100.202403111256/tools/bin/../lib/gcc/arm-none-eabi/12.3.1/../../../../arm-none-eabi/lib/thumb/v7e-m+fp/hard\libc_nano.a(libc_a-closer.o) (errno)
C:/ST/STM32CubeIDE_1.14.0/STM32CubeIDE/plugins/com.st.stm32cube.ide.mcu.externaltools.gnu-tools-for-stm32.12.3.rel1.win32_1.0.100.202403111256/tools/bin/../lib/gcc/arm-none-eabi/12.3.1/../../../../arm-none-eabi/lib/thumb/v7e-m+fp/hard\libc_nano.a(libc_a-impure.o)
                              C:/ST/STM32CubeIDE_1.14.0/STM32CubeIDE/plugins/com.st.stm32cube.ide.mcu.externaltools.gnu-tools-for-stm32.12.3.rel1.win32_1.0.100.202403111256/tools/bin/../lib/gcc/arm-none-eabi/12.3.1/../../../../arm-none-eabi/lib/thumb/v7e-m+fp/hard\libc_nano.a(libc_a-reent.o) (_impure_ptr)
C:/ST/STM32CubeIDE_1.14.0/STM32CubeIDE/plugins/com.st.stm32cube.ide.mcu.externaltools.gnu-tools-for-stm32.12.3.rel1.win32_1.0.100.202403111256/tools/bin/../lib/gcc/arm-none-eabi/12.3.1/../../../../arm-none-eabi/lib/thumb/v7e-m+fp/hard\libc_nano.a(libc_a-lseekr.o)
[...]
Memory Configuration

Name             Origin             Length             Attributes
CCMRAM           0x10000000         0x00010000         xrw
RAM              0x20000000         0x00020000         xrw
FLASH            0x08000000         0x00100000         xr
*default*        0x00000000         0xffffffff

Linker script and memory map

LOAD C:/ST/STM32CubeIDE_1.14.0/STM32CubeIDE/plugins/com.st.stm32cube.ide.mcu.externaltools.gnu-tools-for-stm32.12.3.rel1.win32_1.0.100.202403111256/tools/bin/../lib/gcc/arm-none-eabi/12.3.1/thumb/v7e-m+fp/hard/crti.o
LOAD C:/ST/STM32CubeIDE_1.14.0/STM32CubeIDE/plugins/com.st.stm32cube.ide.mcu.externaltools.gnu-tools-for-stm32.12.3.rel1.win32_1.0.100.202403111256/tools/bin/../lib/gcc/arm-none-eabi/12.3.1/thumb/v7e-m+fp/hard/crtbegin.o
LOAD C:/ST/STM32CubeIDE_1.14.0/STM32CubeIDE/plugins/com.st.stm32cube.ide.mcu.externaltools.gnu-tools-for-stm32.12.3.rel1.win32_1.0.100.202403111256/tools/bin/../lib/gcc/arm-none-eabi/12.3.1/../../../../arm-none-eabi/lib/thumb/v7e-m+fp/hard/crt0.o
LOAD ./Core/Src/BMP280_STM32.o
LOAD ./Core/Src/main.o
LOAD ./Core/Src/stm32f4xx_hal_msp.o
LOAD ./Core/Src/stm32f4xx_it.o
LOAD ./Core/Src/syscalls.o
LOAD ./Core/Src/sysmem.o
LOAD ./Core/Src/system_stm32f4xx.o
LOAD ./Core/Src/wire.o
LOAD ./Core/Startup/startup_stm32f407vgtx.o
LOAD ./Drivers/STM32F4xx_HAL_Driver/Src/stm32f4xx_hal.o
LOAD ./Drivers/STM32F4xx_HAL_Driver/Src/stm32f4xx_hal_cortex.o
LOAD ./Drivers/STM32F4xx_HAL_Driver/Src/stm32f4xx_hal_dma.o
LOAD ./Drivers/STM32F4xx_HAL_Driver/Src/stm32f4xx_hal_dma_ex.o
LOAD ./Drivers/STM32F4xx_HAL_Driver/Src/stm32f4xx_hal_exti.o
LOAD ./Drivers/STM32F4xx_HAL_Driver/Src/stm32f4xx_hal_flash.o
LOAD ./Drivers/STM32F4xx_HAL_Driver/Src/stm32f4xx_hal_flash_ex.o
LOAD ./Drivers/STM32F4xx_HAL_Driver/Src/stm32f4xx_hal_flash_ramfunc.o
LOAD ./Drivers/STM32F4xx_HAL_Driver/Src/stm32f4xx_hal_gpio.o
LOAD ./Drivers/STM32F4xx_HAL_Driver/Src/stm32f4xx_hal_i2c.o
LOAD ./Drivers/STM32F4xx_HAL_Driver/Src/stm32f4xx_hal_i2c_ex.o
LOAD ./Drivers/STM32F4xx_HAL_Driver/Src/stm32f4xx_hal_pwr.o
LOAD ./Drivers/STM32F4xx_HAL_Driver/Src/stm32f4xx_hal_pwr_ex.o
LOAD ./Drivers/STM32F4xx_HAL_Driver/Src/stm32f4xx_hal_rcc.o
LOAD ./Drivers/STM32F4xx_HAL_Driver/Src/stm32f4xx_hal_rcc_ex.o
LOAD ./Drivers/STM32F4xx_HAL_Driver/Src/stm32f4xx_hal_spi.o
LOAD ./Drivers/STM32F4xx_HAL_Driver/Src/stm32f4xx_hal_tim.o
LOAD ./Drivers/STM32F4xx_HAL_Driver/Src/stm32f4xx_hal_tim_ex.o
LOAD ./Drivers/STM32F4xx_HAL_Driver/Src/stm32f4xx_hal_uart.o
START GROUP
LOAD C:/ST/STM32CubeIDE_1.14.0/STM32CubeIDE/plugins/com.st.stm32cube.ide.mcu.externaltools.gnu-tools-for-stm32.12.3.rel1.win32_1.0.100.202403111256/tools/bin/../lib/gcc/arm-none-eabi/12.3.1/../../../../arm-none-eabi/lib/thumb/v7e-m+fp/hard\libc_nano.a
LOAD C:/ST/STM32CubeIDE_1.14.0/STM32CubeIDE/plugins/com.st.stm32cube.ide.mcu.externaltools.gnu-tools-for-stm32.12.3.rel1.win32_1.0.100.202403111256/tools/bin/../lib/gcc/arm-none-eabi/12.3.1/../../../../arm-none-eabi/lib/thumb/v7e-m+fp/hard\libm.a
END GROUP
START GROUP
LOAD C:/ST/STM32CubeIDE_1.14.0/STM32CubeIDE/plugins/com.st.stm32cube.ide.mcu.externaltools.gnu-tools-for-stm32.12.3.rel1.win32_1.0.100.202403111256/tools/bin/../lib/gcc/arm-none-eabi/12.3.1/thumb/v7e-m+fp/hard\libgcc.a
LOAD C:/ST/STM32CubeIDE_1.14.0/STM32CubeIDE/plugins/com.st.stm32cube.ide.mcu.externaltools.gnu-tools-for-stm32.12.3.rel1.win32_1.0.100.202403111256/tools/bin/../lib/gcc/arm-none-eabi/12.3.1/../../../../arm-none-eabi/lib/thumb/v7e-m+fp/hard\libc_nano.a
END GROUP
START GROUP
LOAD C:/ST/STM32CubeIDE_1.14.0/STM32CubeIDE/plugins/com.st.stm32cube.ide.mcu.externaltools.gnu-tools-for-stm32.12.3.rel1.win32_1.0.100.202403111256/tools/bin/../lib/gcc/arm-none-eabi/12.3.1/thumb/v7e-m+fp/hard\libgcc.a
LOAD C:/ST/STM32CubeIDE_1.14.0/STM32CubeIDE/plugins/com.st.stm32cube.ide.mcu.externaltools.gnu-tools-for-stm32.12.3.rel1.win32_1.0.100.202403111256/tools/bin/../lib/gcc/arm-none-eabi/12.3.1/../../../../arm-none-eabi/lib/thumb/v7e-m+fp/hard\libc_nano.a
LOAD C:/ST/STM32CubeIDE_1.14.0/STM32CubeIDE/plugins/com.st.stm32cube.ide.mcu.externaltools.gnu-tools-for-stm32.12.3.rel1.win32_1.0.100.202403111256/tools/bin/../lib/gcc/arm-none-eabi/12.3.1/../../../../arm-none-eabi/lib/thumb/v7e-m+fp/hard\libnosys.a
END GROUP
START GROUP
LOAD C:/ST/STM32CubeIDE_1.14.0/STM32CubeIDE/plugins/com.st.stm32cube.ide.mcu.externaltools.gnu-tools-for-stm32.12.3.rel1.win32_1.0.100.202403111256/tools/bin/../lib/gcc/arm-none-eabi/12.3.1/thumb/v7e-m+fp/hard\libgcc.a
LOAD C:/ST/STM32CubeIDE_1.14.0/STM32CubeIDE/plugins/com.st.stm32cube.ide.mcu.externaltools.gnu-tools-for-stm32.12.3.rel1.win32_1.0.100.202403111256/tools/bin/../lib/gcc/arm-none-eabi/12.3.1/../../../../arm-none-eabi/lib/thumb/v7e-m+fp/hard\libc_nano.a
LOAD C:/ST/STM32CubeIDE_1.14.0/STM32CubeIDE/plugins/com.st.stm32cube.ide.mcu.externaltools.gnu-tools-for-stm32.12.3.rel1.win32_1.0.100.202403111256/tools/bin/../lib/gcc/arm-none-eabi/12.3.1/../../../../arm-none-eabi/lib/thumb/v7e-m+fp/hard\libnosys.a
END GROUP
LOAD C:/ST/STM32CubeIDE_1.14.0/STM32CubeIDE/plugins/com.st.stm32cube.ide.mcu.externaltools.gnu-tools-for-stm32.12.3.rel1.win32_1.0.100.202403111256/tools/bin/../lib/gcc/arm-none-eabi/12.3.1/thumb/v7e-m+fp/hard/crtend.o
LOAD C:/ST/STM32CubeIDE_1.14.0/STM32CubeIDE/plugins/com.st.stm32cube.ide.mcu.externaltools.gnu-tools-for-stm32.12.3.rel1.win32_1.0.100.202403111256/tools/bin/../lib/gcc/arm-none-eabi/12.3.1/thumb/v7e-m+fp/hard/crtn.o
                0x20020000                        _estack = (ORIGIN (RAM) + LENGTH (RAM))
                0x00000200                        _Min_Heap_Size = 0x200
                0x00000400                        _Min_Stack_Size = 0x400

.isr_vector     0x08000000      0x188
                0x08000000                        . = ALIGN (0x4)
 *(.isr_vector)
 .isr_vector    0x08000000      0x188 ./Core/Startup/startup_stm32f407vgtx.o
                0x08000000                g_pfnVectors
                0x08000188                        . = ALIGN (0x4)

.text           0x08000188     0xa858
                0x08000188                        . = ALIGN (0x4)
 *(.text)
 .text          0x08000188       0x40 C:/ST/STM32CubeIDE_1.14.0/STM32CubeIDE/plugins/com.st.stm32cube.ide.mcu.externaltools.gnu-tools-for-stm32.12.3.rel1.win32_1.0.100.202403111256/tools/bin/../lib/gcc/arm-none-eabi/12.3.1/thumb/v7e-m+fp/hard/crtbegin.o
 .text          0x080001c8      0x378 C:/ST/STM32CubeIDE_1.14.0/STM32CubeIDE/plugins/com.st.stm32cube.ide.mcu.externaltools.gnu-tools-for-stm32.12.3.rel1.win32_1.0.100.202403111256/tools/bin/../lib/gcc/arm-none-eabi/12.3.1/thumb/v7e-m+fp/hard\libgcc.a(_arm_addsubdf3.o)
                0x080001c8                __aeabi_drsub
                0x080001d0                __aeabi_dsub
                0x080001d0                __subdf3
                0x080001d4                __aeabi_dadd
                0x080001d4                __adddf3
                0x0800044c                __floatunsidf
                0x0800044c                __aeabi_ui2d
                0x0800046c                __floatsidf
                0x0800046c                __aeabi_i2d
                0x08000490                __aeabi_f2d
                0x08000490                __extendsfdf2
                0x080004d4                __floatundidf
                0x080004d4                __aeabi_ul2d
                0x080004e4                __floatdidf
                0x080004e4                __aeabi_l2d
 .text          0x08000540      0x424 C:/ST/STM32CubeIDE_1.14.0/STM32CubeIDE/plugins/com.st.stm32cube.ide.mcu.externaltools.gnu-tools-for-stm32.12.3.rel1.win32_1.0.100.202403111256/tools/bin/../lib/gcc/arm-none-eabi/12.3.1/thumb/v7e-m+fp/hard\libgcc.a(_arm_muldivdf3.o)
                0x08000540                __aeabi_dmul
                0x08000540                __muldf3
                0x08000794                __divdf3
                0x08000794                __aeabi_ddiv
 .text          0x08000964      0x110 C:/ST/STM32CubeIDE_1.14.0/STM32CubeIDE/plugins/com.st.stm32cube.ide.mcu.externaltools.gnu-tools-for-stm32.12.3.rel1.win32_1.0.100.202403111256/tools/bin/../lib/gcc/arm-none-eabi/12.3.1/thumb/v7e-m+fp/hard\libgcc.a(_arm_cmpdf2.o)
                0x08000964                __gtdf2
                0x08000964                __gedf2
                0x0800096c                __ltdf2
                0x0800096c                __ledf2
                0x08000974                __nedf2
                0x08000974                __eqdf2
                0x08000974                __cmpdf2
                0x080009f0                __aeabi_cdrcmple
                0x08000a00                __aeabi_cdcmpeq
                0x08000a00                __aeabi_cdcmple
                0x08000a10                __aeabi_dcmpeq
                0x08000a24                __aeabi_dcmplt
                0x08000a38                __aeabi_dcmple
                0x08000a4c                __aeabi_dcmpge
                0x08000a60                __aeabi_dcmpgt
 .text          0x08000a74       0x2c C:/ST/STM32CubeIDE_1.14.0/STM32CubeIDE/plugins/com.st.stm32cube.ide.mcu.externaltools.gnu-tools-for-stm32.12.3.rel1.win32_1.0.100.202403111256/tools/bin/../lib/gcc/arm-none-eabi/12.3.1/thumb/v7e-m+fp/hard\libgcc.a(_arm_unorddf2.o)
                0x08000a74                __unorddf2
                0x08000a74                __aeabi_dcmpun
 .text          0x08000aa0       0x50 C:/ST/STM32CubeIDE_1.14.0/STM32CubeIDE/plugins/com.st.stm32cube.ide.mcu.externaltools.gnu-tools-for-stm32.12.3.rel1.win32_1.0.100.202403111256/tools/bin/../lib/gcc/arm-none-eabi/12.3.1/thumb/v7e-m+fp/hard\libgcc.a(_arm_fixdfsi.o)
                0x08000aa0                __aeabi_d2iz
                0x08000aa0                __fixdfsi
 .text          0x08000af0       0xa0 C:/ST/STM32CubeIDE_1.14.0/STM32CubeIDE/plugins/com.st.stm32cube.ide.mcu.externaltools.gnu-tools-for-stm32.12.3.rel1.win32_1.0.100.202403111256/tools/bin/../lib/gcc/arm-none-eabi/12.3.1/thumb/v7e-m+fp/hard\libgcc.a(_arm_truncdfsf2.o)
                0x08000af0                __truncdfsf2
                0x08000af0                __aeabi_d2f
 .text          0x08000b90       0x30 C:/ST/STM32CubeIDE_1.14.0/STM32CubeIDE/plugins/com.st.stm32cube.ide.mcu.externaltools.gnu-tools-for-stm32.12.3.rel1.win32_1.0.100.202403111256/tools/bin/../lib/gcc/arm-none-eabi/12.3.1/thumb/v7e-m+fp/hard\libgcc.a(_aeabi_uldivmod.o)
                0x08000b90                __aeabi_uldivmod
 .text          0x08000bc0       0x30 C:/ST/STM32CubeIDE_1.14.0/STM32CubeIDE/plugins/com.st.stm32cube.ide.mcu.externaltools.gnu-tools-for-stm32.12.3.rel1.win32_1.0.100.202403111256/tools/bin/../lib/gcc/arm-none-eabi/12.3.1/thumb/v7e-m+fp/hard\libgcc.a(_fixdfdi.o)
                0x08000bc0                __fixdfdi
                0x08000bc0                __aeabi_d2lz
 .text          0x08000bf0       0x3c C:/ST/STM32CubeIDE_1.14.0/STM32CubeIDE/plugins/com.st.stm32cube.ide.mcu.externaltools.gnu-tools-for-stm32.12.3.rel1.win32_1.0.100.202403111256/tools/bin/../lib/gcc/arm-none-eabi/12.3.1/thumb/v7e-m+fp/hard\libgcc.a(_fixunsdfdi.o)
                0x08000bf0                __fixunsdfdi
                0x08000bf0                __aeabi_d2ulz
 .text          0x08000c2c      0x2bc C:/ST/STM32CubeIDE_1.14.0/STM32CubeIDE/plugins/com.st.stm32cube.ide.mcu.externaltools.gnu-tools-for-stm32.12.3.rel1.win32_1.0.100.202403111256/tools/bin/../lib/gcc/arm-none-eabi/12.3.1/thumb/v7e-m+fp/hard\libgcc.a(_udivmoddi4.o)
                0x08000c2c                __udivmoddi4
 .text          0x08000ee8        0x4 C:/ST/STM32CubeIDE_1.14.0/STM32CubeIDE/plugins/com.st.stm32cube.ide.mcu.externaltools.gnu-tools-for-stm32.12.3.rel1.win32_1.0.100.202403111256/tools/bin/../lib/gcc/arm-none-eabi/12.3.1/thumb/v7e-m+fp/hard\libgcc.a(_dvmd_tls.o)
                0x08000ee8                __aeabi_idiv0
                0x08000ee8                __aeabi_ldiv0
 .text          0x08000eec       0x40 C:/ST/STM32CubeIDE_1.14.0/STM32CubeIDE/plugins/com.st.stm32cube.ide.mcu.externaltools.gnu-tools-for-stm32.12.3.rel1.win32_1.0.100.202403111256/tools/bin/../lib/gcc/arm-none-eabi/12.3.1/thumb/v7e-m+fp/hard\libgcc.a(_arm_fixunsdfsi.o)
                0x08000eec                __aeabi_d2uiz
                0x08000eec                __fixunsdfsi
 *(.text*)
 .text.fault_dec
                0x08000f2c        0x8 ./Core/Src/main.o
                0x08000f2c                fault_dec
 .text.Send_Data_To_Gui
                0x08000f34       0xec ./Core/Src/main.o
                0x08000f34                Send_Data_To_Gui
 .text.kalman_1d
                0x08001020       0xe4 ./Core/Src/main.o
                0x08001020                kalman_1d
 .text.SetValue
                0x08001104       0x34 ./Core/Src/main.o
                0x08001104                SetValue
 .text.HAL_GPIO_EXTI_Callback
                0x08001138       0x94 ./Core/Src/main.o
                0x08001138                HAL_GPIO_EXTI_Callback
 .text.MPU6050_Init
                0x080011cc       0xfc ./Core/Src/main.o
                0x080011cc                MPU6050_Init
 .text.MPU6050_Read_Data
                0x080012c8      0x344 ./Core/Src/main.o
                0x080012c8                MPU6050_Read_Data
 *fill*         0x0800160c        0x4 
 .text.pid_equation
                0x08001610      0x174 ./Core/Src/main.o
                0x08001610                pid_equation
 .text.reset_pid
                0x08001784       0x88 ./Core/Src/main.o
                0x08001784                reset_pid
 .text.setupSensor
                0x0800180c       0x7c ./Core/Src/main.o
                0x0800180c                setupSensor
 .text.getPressure
                0x08001888      0x5b8 ./Core/Src/main.o
                0x08001888                getPressure
 .text.HAL_TIM_PeriodElapsedCallback
                0x08001e40       0x24 ./Core/Src/main.o
                0x08001e40                HAL_TIM_PeriodElapsedCallback
 .text.HAL_UARTEx_RxEventCallback
                0x08001e64      0x21c ./Core/Src/main.o
                0x08001e64                HAL_UARTEx_RxEventCallback
 .text.main     0x08002080      0x940 ./Core/Src/main.o
                0x08002080                main
 .text.SystemClock_Config
                0x080029c0       0xd4 ./Core/Src/main.o
                0x080029c0                SystemClock_Config
 .text.MX_I2C1_Init
                0x08002a94       0x5c ./Core/Src/main.o
 .text.MX_I2C2_Init
                0x08002af0       0x5c ./Core/Src/main.o
 .text.MX_SPI3_Init
                0x08002b4c       0x6c ./Core/Src/main.o
 .text.MX_TIM1_Init
                0x08002bb8       0xa0 ./Core/Src/main.o
 .text.MX_TIM2_Init
                0x08002c58       0x98 ./Core/Src/main.o
 .text.MX_TIM3_Init
                0x08002cf0       0xf4 ./Core/Src/main.o
 .text.MX_TIM4_Init
                0x08002de4       0x9c ./Core/Src/main.o
 .text.MX_USART2_UART_Init
                0x08002e80       0x54 ./Core/Src/main.o
 .text.MX_USART3_UART_Init
                0x08002ed4       0x54 ./Core/Src/main.o
 .text.MX_DMA_Init
                0x08002f28       0x90 ./Core/Src/main.o
 .text.MX_GPIO_Init
                0x08002fb8      0x108 ./Core/Src/main.o
 .text.Receive_Throttle_Min
                0x080030c0       0x24 ./Core/Src/main.o
                0x080030c0                Receive_Throttle_Min
 .text.Calib_Gyro
                0x080030e4       0xf4 ./Core/Src/main.o
                0x080030e4                Calib_Gyro
 .text.Reset_MPU6050
                0x080031d8       0x24 ./Core/Src/main.o
                0x080031d8                Reset_MPU6050
 .text.Error_Handler
                0x080031fc        0xc ./Core/Src/main.o
                0x080031fc                Error_Handler
 .text.HAL_MspInit
                0x08003208       0x50 ./Core/Src/stm32f4xx_hal_msp.o
                0x08003208                HAL_MspInit
 .text.HAL_I2C_MspInit
                0x08003258      0x1c8 ./Core/Src/stm32f4xx_hal_msp.o
                0x08003258                HAL_I2C_MspInit
 .text.HAL_I2C_MspDeInit
                0x08003420       0x88 ./Core/Src/stm32f4xx_hal_msp.o
                0x08003420                HAL_I2C_MspDeInit
 .text.HAL_SPI_MspInit
                0x080034a8       0x90 ./Core/Src/stm32f4xx_hal_msp.o
                0x080034a8                HAL_SPI_MspInit
 .text.HAL_TIM_Base_MspInit
                0x08003538       0xa4 ./Core/Src/stm32f4xx_hal_msp.o
                0x08003538                HAL_TIM_Base_MspInit
 .text.HAL_TIM_PWM_MspInit
                0x080035dc       0x44 ./Core/Src/stm32f4xx_hal_msp.o
                0x080035dc                HAL_TIM_PWM_MspInit
 .text.HAL_TIM_MspPostInit
                0x08003620       0xb4 ./Core/Src/stm32f4xx_hal_msp.o
                0x08003620                HAL_TIM_MspPostInit
 .text.HAL_UART_MspInit
                0x080036d4      0x2b8 ./Core/Src/stm32f4xx_hal_msp.o
                0x080036d4                HAL_UART_MspInit
 .text.NMI_Handler
                0x0800398c        0x8 ./Core/Src/stm32f4xx_it.o
                0x0800398c                NMI_Handler
 .text.HardFault_Handler
                0x08003994        0x8 ./Core/Src/stm32f4xx_it.o
                0x08003994                HardFault_Handler
 .text.MemManage_Handler
                0x0800399c        0x8 ./Core/Src/stm32f4xx_it.o
                0x0800399c                MemManage_Handler
 .text.BusFault_Handler
                0x080039a4        0x8 ./Core/Src/stm32f4xx_it.o
                0x080039a4                BusFault_Handler
 .text.UsageFault_Handler
                0x080039ac        0x8 ./Core/Src/stm32f4xx_it.o
                0x080039ac                UsageFault_Handler
 .text.SVC_Handler
                0x080039b4        0xe ./Core/Src/stm32f4xx_it.o
                0x080039b4                SVC_Handler
 .text.DebugMon_Handler
                0x080039c2        0xe ./Core/Src/stm32f4xx_it.o
                0x080039c2                DebugMon_Handler
 .text.PendSV_Handler
                0x080039d0        0xe ./Core/Src/stm32f4xx_it.o
                0x080039d0                PendSV_Handler
 .text.SysTick_Handler
                0x080039de        0xc ./Core/Src/stm32f4xx_it.o
                0x080039de                SysTick_Handler
 *fill*         0x080039ea        0x2 
 .text.DMA1_Stream0_IRQHandler
                0x080039ec       0x14 ./Core/Src/stm32f4xx_it.o
                0x080039ec                DMA1_Stream0_IRQHandler
 .text.DMA1_Stream1_IRQHandler
                0x08003a00       0x14 ./Core/Src/stm32f4xx_it.o
                0x08003a00                DMA1_Stream1_IRQHandler
 .text.DMA1_Stream3_IRQHandler
                0x08003a14       0x14 ./Core/Src/stm32f4xx_it.o
                0x08003a14                DMA1_Stream3_IRQHandler
 .text.DMA1_Stream5_IRQHandler
                0x08003a28       0x14 ./Core/Src/stm32f4xx_it.o
                0x08003a28                DMA1_Stream5_IRQHandler
 .text.DMA1_Stream6_IRQHandler
                0x08003a3c       0x14 ./Core/Src/stm32f4xx_it.o
                0x08003a3c                DMA1_Stream6_IRQHandler
 .text.TIM4_IRQHandler
                0x08003a50       0x14 ./Core/Src/stm32f4xx_it.o
                0x08003a50                TIM4_IRQHandler
 .text.USART2_IRQHandler
                0x08003a64       0x14 ./Core/Src/stm32f4xx_it.o
                0x08003a64                USART2_IRQHandler
 .text.USART3_IRQHandler
                0x08003a78       0x14 ./Core/Src/stm32f4xx_it.o
                0x08003a78                USART3_IRQHandler
 .text.EXTI15_10_IRQHandler
                0x08003a8c       0x10 ./Core/Src/stm32f4xx_it.o
                0x08003a8c                EXTI15_10_IRQHandler
 .text.DMA1_Stream7_IRQHandler
                0x08003a9c       0x14 ./Core/Src/stm32f4xx_it.o
                0x08003a9c                DMA1_Stream7_IRQHandler
 .text.SystemInit
                0x08003ab0       0x24 ./Core/Src/system_stm32f4xx.o
                0x08003ab0                SystemInit
 .text.twiSend  0x08003ad4       0xa4 ./Core/Src/wire.o
                0x08003ad4                twiSend
 .text.twiReceive
                0x08003b78      0x314 ./Core/Src/wire.o
                0x08003b78                twiReceive
 .text.Reset_Handler
                0x08003e8c       0x50 ./Core/Startup/startup_stm32f407vgtx.o
                0x08003e8c                Reset_Handler
 .text.Default_Handler
                0x08003edc        0x2 ./Core/Startup/startup_stm32f407vgtx.o
                0x08003edc                RTC_Alarm_IRQHandler
                0x08003edc                HASH_RNG_IRQHandler
                0x08003edc                EXTI2_IRQHandler
                0x08003edc                TIM8_CC_IRQHandler
                0x08003edc                TIM1_CC_IRQHandler
                0x08003edc                DMA2_Stream5_IRQHandler
                0x08003edc                PVD_IRQHandler
                0x08003edc                SDIO_IRQHandler
                0x08003edc                TAMP_STAMP_IRQHandler
                0x08003edc                CAN2_RX1_IRQHandler
                0x08003edc                EXTI3_IRQHandler
                0x08003edc                TIM8_TRG_COM_TIM14_IRQHandler
                0x08003edc                TIM1_UP_TIM10_IRQHandler
                0x08003edc                TIM8_UP_TIM13_IRQHandler
                0x08003edc                I2C3_ER_IRQHandler
                0x08003edc                EXTI0_IRQHandler
                0x08003edc                I2C2_EV_IRQHandler
                0x08003edc                DMA1_Stream2_IRQHandler
                0x08003edc                CAN1_RX0_IRQHandler
                0x08003edc                FPU_IRQHandler
                0x08003edc                OTG_HS_WKUP_IRQHandler
                0x08003edc                CAN2_SCE_IRQHandler
                0x08003edc                DMA2_Stream2_IRQHandler
                0x08003edc                SPI1_IRQHandler
                0x08003edc                TIM6_DAC_IRQHandler
                0x08003edc                TIM1_BRK_TIM9_IRQHandler
                0x08003edc                DCMI_IRQHandler
                0x08003edc                CAN2_RX0_IRQHandler
                0x08003edc                DMA2_Stream3_IRQHandler
                0x08003edc                USART6_IRQHandler
                0x08003edc                CAN1_RX1_IRQHandler
                0x08003edc                UART5_IRQHandler
                0x08003edc                DMA2_Stream0_IRQHandler
                0x08003edc                I2C1_EV_IRQHandler
                0x08003edc                UART4_IRQHandler
                0x08003edc                TIM3_IRQHandler
                0x08003edc                RCC_IRQHandler
                0x08003edc                TIM8_BRK_TIM12_IRQHandler
                0x08003edc                Default_Handler
                0x08003edc                ADC_IRQHandler
                0x08003edc                TIM7_IRQHandler
                0x08003edc                CAN2_TX_IRQHandler
                0x08003edc                TIM5_IRQHandler
                0x08003edc                DMA2_Stream7_IRQHandler
                0x08003edc                I2C3_EV_IRQHandler
                0x08003edc                EXTI9_5_IRQHandler
                0x08003edc                RTC_WKUP_IRQHandler
                0x08003edc                ETH_WKUP_IRQHandler
                0x08003edc                SPI2_IRQHandler
                0x08003edc                OTG_HS_EP1_IN_IRQHandler
                0x08003edc                CAN1_TX_IRQHandler
                0x08003edc                EXTI4_IRQHandler
                0x08003edc                FSMC_IRQHandler
                0x08003edc                ETH_IRQHandler
                0x08003edc                OTG_HS_EP1_OUT_IRQHandler
                0x08003edc                WWDG_IRQHandler
                0x08003edc                TIM2_IRQHandler
                0x08003edc                OTG_FS_WKUP_IRQHandler
                0x08003edc                TIM1_TRG_COM_TIM11_IRQHandler
                0x08003edc                OTG_HS_IRQHandler
                0x08003edc                EXTI1_IRQHandler
                0x08003edc                I2C2_ER_IRQHandler
                0x08003edc                DMA2_Stream1_IRQHandler
                0x08003edc                CAN1_SCE_IRQHandler
                0x08003edc                FLASH_IRQHandler
                0x08003edc                DMA2_Stream4_IRQHandler
                0x08003edc                USART1_IRQHandler
                0x08003edc                OTG_FS_IRQHandler
                0x08003edc                SPI3_IRQHandler
                0x08003edc                DMA1_Stream4_IRQHandler
                0x08003edc                I2C1_ER_IRQHandler
                0x08003edc                DMA2_Stream6_IRQHandler
 *fill*         0x08003ede        0x2 
 .text.HAL_Init
                0x08003ee0       0x44 ./Drivers/STM32F4xx_HAL_Driver/Src/stm32f4xx_hal.o
                0x08003ee0                HAL_Init
 .text.HAL_InitTick
                0x08003f24       0x60 ./Drivers/STM32F4xx_HAL_Driver/Src/stm32f4xx_hal.o
                0x08003f24                HAL_InitTick
 .text.HAL_IncTick
                0x08003f84       0x28 ./Drivers/STM32F4xx_HAL_Driver/Src/stm32f4xx_hal.o
                0x08003f84                HAL_IncTick
 .text.HAL_GetTick
                0x08003fac       0x18 ./Drivers/STM32F4xx_HAL_Driver/Src/stm32f4xx_hal.o
                0x08003fac                HAL_GetTick
 .text.HAL_Delay
                0x08003fc4       0x48 ./Drivers/STM32F4xx_HAL_Driver/Src/stm32f4xx_hal.o
                0x08003fc4                HAL_Delay
 .text.__NVIC_SetPriorityGrouping
                0x0800400c       0x48 ./Drivers/STM32F4xx_HAL_Driver/Src/stm32f4xx_hal_cortex.o
 .text.__NVIC_GetPriorityGrouping
                0x08004054       0x1c ./Drivers/STM32F4xx_HAL_Driver/Src/stm32f4xx_hal_cortex.o
 .text.__NVIC_EnableIRQ
                0x08004070       0x3c ./Drivers/STM32F4xx_HAL_Driver/Src/stm32f4xx_hal_cortex.o
 .text.__NVIC_SetPriority
                0x080040ac       0x54 ./Drivers/STM32F4xx_HAL_Driver/Src/stm32f4xx_hal_cortex.o
 .text.NVIC_EncodePriority
                0x08004100       0x66 ./Drivers/STM32F4xx_HAL_Driver/Src/stm32f4xx_hal_cortex.o
 *fill*         0x08004166        0x2 
 .text.SysTick_Config
                0x08004168       0x44 ./Drivers/STM32F4xx_HAL_Driver/Src/stm32f4xx_hal_cortex.o
 .text.HAL_NVIC_SetPriorityGrouping
                0x080041ac       0x16 ./Drivers/STM32F4xx_HAL_Driver/Src/stm32f4xx_hal_cortex.o
                0x080041ac                HAL_NVIC_SetPriorityGrouping
 .text.HAL_NVIC_SetPriority
                0x080041c2       0x38 ./Drivers/STM32F4xx_HAL_Driver/Src/stm32f4xx_hal_cortex.o
                0x080041c2                HAL_NVIC_SetPriority
 .text.HAL_NVIC_EnableIRQ
                0x080041fa       0x1c ./Drivers/STM32F4xx_HAL_Driver/Src/stm32f4xx_hal_cortex.o
                0x080041fa                HAL_NVIC_EnableIRQ
 .text.HAL_SYSTICK_Config
                0x08004216       0x18 ./Drivers/STM32F4xx_HAL_Driver/Src/stm32f4xx_hal_cortex.o
                0x08004216                HAL_SYSTICK_Config
 *fill*         0x0800422e        0x2 
 .text.HAL_DMA_Init
                0x08004230      0x15c ./Drivers/STM32F4xx_HAL_Driver/Src/stm32f4xx_hal_dma.o
                0x08004230                HAL_DMA_Init
 .text.HAL_DMA_DeInit
                0x0800438c       0xbc ./Drivers/STM32F4xx_HAL_Driver/Src/stm32f4xx_hal_dma.o
                0x0800438c                HAL_DMA_DeInit
 .text.HAL_DMA_Start_IT
                0x08004448       0xb0 ./Drivers/STM32F4xx_HAL_Driver/Src/stm32f4xx_hal_dma.o
                0x08004448                HAL_DMA_Start_IT
 .text.HAL_DMA_Abort
                0x080044f8       0xe0 ./Drivers/STM32F4xx_HAL_Driver/Src/stm32f4xx_hal_dma.o
                0x080044f8                HAL_DMA_Abort
 .text.HAL_DMA_Abort_IT
                0x080045d8       0x44 ./Drivers/STM32F4xx_HAL_Driver/Src/stm32f4xx_hal_dma.o
                0x080045d8                HAL_DMA_Abort_IT
 .text.HAL_DMA_IRQHandler
                0x0800461c      0x314 ./Drivers/STM32F4xx_HAL_Driver/Src/stm32f4xx_hal_dma.o
                0x0800461c                HAL_DMA_IRQHandler
 .text.DMA_SetConfig
                0x08004930       0x5c ./Drivers/STM32F4xx_HAL_Driver/Src/stm32f4xx_hal_dma.o
 .text.DMA_CalcBaseAndBitshift
                0x0800498c       0x6c ./Drivers/STM32F4xx_HAL_Driver/Src/stm32f4xx_hal_dma.o
 .text.DMA_CheckFifoParam
                0x080049f8       0xf8 ./Drivers/STM32F4xx_HAL_Driver/Src/stm32f4xx_hal_dma.o
 .text.HAL_GPIO_Init
                0x08004af0      0x338 ./Drivers/STM32F4xx_HAL_Driver/Src/stm32f4xx_hal_gpio.o
                0x08004af0                HAL_GPIO_Init
 .text.HAL_GPIO_DeInit
                0x08004e28      0x1f8 ./Drivers/STM32F4xx_HAL_Driver/Src/stm32f4xx_hal_gpio.o
                0x08004e28                HAL_GPIO_DeInit
 .text.HAL_GPIO_WritePin
                0x08005020       0x32 ./Drivers/STM32F4xx_HAL_Driver/Src/stm32f4xx_hal_gpio.o
                0x08005020                HAL_GPIO_WritePin
 *fill*         0x08005052        0x2 
 .text.HAL_GPIO_EXTI_IRQHandler
                0x08005054       0x30 ./Drivers/STM32F4xx_HAL_Driver/Src/stm32f4xx_hal_gpio.o
                0x08005054                HAL_GPIO_EXTI_IRQHandler
 .text.HAL_I2C_Init
                0x08005084      0x288 ./Drivers/STM32F4xx_HAL_Driver/Src/stm32f4xx_hal_i2c.o
                0x08005084                HAL_I2C_Init
 .text.HAL_I2C_DeInit
                0x0800530c       0x5e ./Drivers/STM32F4xx_HAL_Driver/Src/stm32f4xx_hal_i2c.o
                0x0800530c                HAL_I2C_DeInit
 *fill*         0x0800536a        0x2 
 .text.HAL_I2C_Mem_Write
                0x0800536c      0x1f4 ./Drivers/STM32F4xx_HAL_Driver/Src/stm32f4xx_hal_i2c.o
                0x0800536c                HAL_I2C_Mem_Write
 .text.HAL_I2C_Mem_Read
                0x08005560      0x44c ./Drivers/STM32F4xx_HAL_Driver/Src/stm32f4xx_hal_i2c.o
                0x08005560                HAL_I2C_Mem_Read
 .text.I2C_RequestMemoryWrite
                0x080059ac      0x12c ./Drivers/STM32F4xx_HAL_Driver/Src/stm32f4xx_hal_i2c.o
 .text.I2C_RequestMemoryRead
                0x08005ad8      0x1d0 ./Drivers/STM32F4xx_HAL_Driver/Src/stm32f4xx_hal_i2c.o
 .text.I2C_WaitOnFlagUntilTimeout
                0x08005ca8       0xae ./Drivers/STM32F4xx_HAL_Driver/Src/stm32f4xx_hal_i2c.o
 .text.I2C_WaitOnMasterAddressFlagUntilTimeout
                0x08005d56       0xfe ./Drivers/STM32F4xx_HAL_Driver/Src/stm32f4xx_hal_i2c.o
 .text.I2C_WaitOnTXEFlagUntilTimeout
                0x08005e54       0x82 ./Drivers/STM32F4xx_HAL_Driver/Src/stm32f4xx_hal_i2c.o
 .text.I2C_WaitOnBTFFlagUntilTimeout
                0x08005ed6       0x82 ./Drivers/STM32F4xx_HAL_Driver/Src/stm32f4xx_hal_i2c.o
 .text.I2C_WaitOnRXNEFlagUntilTimeout
                0x08005f58       0xac ./Drivers/STM32F4xx_HAL_Driver/Src/stm32f4xx_hal_i2c.o
 .text.I2C_IsAcknowledgeFailed
                0x08006004       0x5e ./Drivers/STM32F4xx_HAL_Driver/Src/stm32f4xx_hal_i2c.o
 *fill*         0x08006062        0x2 
 .text.HAL_RCC_OscConfig
                0x08006064      0x4f0 ./Drivers/STM32F4xx_HAL_Driver/Src/stm32f4xx_hal_rcc.o
                0x08006064                HAL_RCC_OscConfig
 .text.HAL_RCC_ClockConfig
                0x08006554      0x1cc ./Drivers/STM32F4xx_HAL_Driver/Src/stm32f4xx_hal_rcc.o
                0x08006554                HAL_RCC_ClockConfig
 .text.HAL_RCC_GetSysClockFreq
                0x08006720      0x18c ./Drivers/STM32F4xx_HAL_Driver/Src/stm32f4xx_hal_rcc.o
                0x08006720                HAL_RCC_GetSysClockFreq
 .text.HAL_RCC_GetHCLKFreq
                0x080068ac       0x18 ./Drivers/STM32F4xx_HAL_Driver/Src/stm32f4xx_hal_rcc.o
                0x080068ac                HAL_RCC_GetHCLKFreq
 .text.HAL_RCC_GetPCLK1Freq
                0x080068c4       0x28 ./Drivers/STM32F4xx_HAL_Driver/Src/stm32f4xx_hal_rcc.o
                0x080068c4                HAL_RCC_GetPCLK1Freq
 .text.HAL_RCC_GetPCLK2Freq
                0x080068ec       0x28 ./Drivers/STM32F4xx_HAL_Driver/Src/stm32f4xx_hal_rcc.o
                0x080068ec                HAL_RCC_GetPCLK2Freq
 .text.HAL_SPI_Init
                0x08006914      0x112 ./Drivers/STM32F4xx_HAL_Driver/Src/stm32f4xx_hal_spi.o
                0x08006914                HAL_SPI_Init
 .text.HAL_TIM_Base_Init
                0x08006a26       0x9e ./Drivers/STM32F4xx_HAL_Driver/Src/stm32f4xx_hal_tim.o
                0x08006a26                HAL_TIM_Base_Init
 .text.HAL_TIM_Base_Start
                0x08006ac4       0xd0 ./Drivers/STM32F4xx_HAL_Driver/Src/stm32f4xx_hal_tim.o
                0x08006ac4                HAL_TIM_Base_Start
 .text.HAL_TIM_Base_Start_IT
                0x08006b94       0xe0 ./Drivers/STM32F4xx_HAL_Driver/Src/stm32f4xx_hal_tim.o
                0x08006b94                HAL_TIM_Base_Start_IT
 .text.HAL_TIM_PWM_Init
                0x08006c74       0x9e ./Drivers/STM32F4xx_HAL_Driver/Src/stm32f4xx_hal_tim.o
                0x08006c74                HAL_TIM_PWM_Init
 *fill*         0x08006d12        0x2 
 .text.HAL_TIM_PWM_Start
                0x08006d14      0x190 ./Drivers/STM32F4xx_HAL_Driver/Src/stm32f4xx_hal_tim.o
                0x08006d14                HAL_TIM_PWM_Start
 .text.HAL_TIM_IRQHandler
                0x08006ea4      0x210 ./Drivers/STM32F4xx_HAL_Driver/Src/stm32f4xx_hal_tim.o
                0x08006ea4                HAL_TIM_IRQHandler
 .text.HAL_TIM_PWM_ConfigChannel
                0x080070b4      0x184 ./Drivers/STM32F4xx_HAL_Driver/Src/stm32f4xx_hal_tim.o
                0x080070b4                HAL_TIM_PWM_ConfigChannel
 .text.HAL_TIM_ConfigClockSource
                0x08007238      0x18e ./Drivers/STM32F4xx_HAL_Driver/Src/stm32f4xx_hal_tim.o
                0x08007238                HAL_TIM_ConfigClockSource
 .text.HAL_TIM_OC_DelayElapsedCallback
                0x080073c6       0x14 ./Drivers/STM32F4xx_HAL_Driver/Src/stm32f4xx_hal_tim.o
                0x080073c6                HAL_TIM_OC_DelayElapsedCallback
 .text.HAL_TIM_IC_CaptureCallback
                0x080073da       0x14 ./Drivers/STM32F4xx_HAL_Driver/Src/stm32f4xx_hal_tim.o
                0x080073da                HAL_TIM_IC_CaptureCallback
 .text.HAL_TIM_PWM_PulseFinishedCallback
                0x080073ee       0x14 ./Drivers/STM32F4xx_HAL_Driver/Src/stm32f4xx_hal_tim.o
                0x080073ee                HAL_TIM_PWM_PulseFinishedCallback
 .text.HAL_TIM_TriggerCallback
                0x08007402       0x14 ./Drivers/STM32F4xx_HAL_Driver/Src/stm32f4xx_hal_tim.o
                0x08007402                HAL_TIM_TriggerCallback
 *fill*         0x08007416        0x2 
 .text.TIM_Base_SetConfig
                0x08007418      0x140 ./Drivers/STM32F4xx_HAL_Driver/Src/stm32f4xx_hal_tim.o
                0x08007418                TIM_Base_SetConfig
 .text.TIM_OC1_SetConfig
                0x08007558       0xe0 ./Drivers/STM32F4xx_HAL_Driver/Src/stm32f4xx_hal_tim.o
 .text.TIM_OC2_SetConfig
                0x08007638       0xec ./Drivers/STM32F4xx_HAL_Driver/Src/stm32f4xx_hal_tim.o
                0x08007638                TIM_OC2_SetConfig
 .text.TIM_OC3_SetConfig
                0x08007724       0xe8 ./Drivers/STM32F4xx_HAL_Driver/Src/stm32f4xx_hal_tim.o
 .text.TIM_OC4_SetConfig
                0x0800780c       0xac ./Drivers/STM32F4xx_HAL_Driver/Src/stm32f4xx_hal_tim.o
 .text.TIM_TI1_ConfigInputStage
                0x080078b8       0x5e ./Drivers/STM32F4xx_HAL_Driver/Src/stm32f4xx_hal_tim.o
 .text.TIM_TI2_ConfigInputStage
                0x08007916       0x60 ./Drivers/STM32F4xx_HAL_Driver/Src/stm32f4xx_hal_tim.o
 .text.TIM_ITRx_SetConfig
                0x08007976       0x36 ./Drivers/STM32F4xx_HAL_Driver/Src/stm32f4xx_hal_tim.o
 .text.TIM_ETR_SetConfig
                0x080079ac       0x40 ./Drivers/STM32F4xx_HAL_Driver/Src/stm32f4xx_hal_tim.o
                0x080079ac                TIM_ETR_SetConfig
 .text.TIM_CCxChannelCmd
                0x080079ec       0x4a ./Drivers/STM32F4xx_HAL_Driver/Src/stm32f4xx_hal_tim.o
                0x080079ec                TIM_CCxChannelCmd
 *fill*         0x08007a36        0x2 
 .text.HAL_TIMEx_MasterConfigSynchronization
                0x08007a38       0xf8 ./Drivers/STM32F4xx_HAL_Driver/Src/stm32f4xx_hal_tim_ex.o
                0x08007a38                HAL_TIMEx_MasterConfigSynchronization
 .text.HAL_TIMEx_CommutCallback
                0x08007b30       0x14 ./Drivers/STM32F4xx_HAL_Driver/Src/stm32f4xx_hal_tim_ex.o
                0x08007b30                HAL_TIMEx_CommutCallback
 .text.HAL_TIMEx_BreakCallback
                0x08007b44       0x14 ./Drivers/STM32F4xx_HAL_Driver/Src/stm32f4xx_hal_tim_ex.o
                0x08007b44                HAL_TIMEx_BreakCallback
 .text.HAL_UART_Init
                0x08007b58       0x9a ./Drivers/STM32F4xx_HAL_Driver/Src/stm32f4xx_hal_uart.o
                0x08007b58                HAL_UART_Init
 *fill*         0x08007bf2        0x2 
 .text.HAL_UART_Transmit_DMA
                0x08007bf4       0xfc ./Drivers/STM32F4xx_HAL_Driver/Src/stm32f4xx_hal_uart.o
                0x08007bf4                HAL_UART_Transmit_DMA
 .text.HAL_UARTEx_ReceiveToIdle_DMA
                0x08007cf0       0xca ./Drivers/STM32F4xx_HAL_Driver/Src/stm32f4xx_hal_uart.o
                0x08007cf0                HAL_UARTEx_ReceiveToIdle_DMA
 *fill*         0x08007dba        0x2 
 .text.HAL_UART_IRQHandler
                0x08007dbc      0x51c ./Drivers/STM32F4xx_HAL_Driver/Src/stm32f4xx_hal_uart.o
                0x08007dbc                HAL_UART_IRQHandler
 .text.HAL_UART_TxCpltCallback
                0x080082d8       0x14 ./Drivers/STM32F4xx_HAL_Driver/Src/stm32f4xx_hal_uart.o
                0x080082d8                HAL_UART_TxCpltCallback
 .text.HAL_UART_TxHalfCpltCallback
                0x080082ec       0x14 ./Drivers/STM32F4xx_HAL_Driver/Src/stm32f4xx_hal_uart.o
                0x080082ec                HAL_UART_TxHalfCpltCallback
 .text.HAL_UART_RxCpltCallback
                0x08008300       0x14 ./Drivers/STM32F4xx_HAL_Driver/Src/stm32f4xx_hal_uart.o
                0x08008300                HAL_UART_RxCpltCallback
 .text.HAL_UART_RxHalfCpltCallback
                0x08008314       0x14 ./Drivers/STM32F4xx_HAL_Driver/Src/stm32f4xx_hal_uart.o
                0x08008314                HAL_UART_RxHalfCpltCallback
 .text.HAL_UART_ErrorCallback
                0x08008328       0x14 ./Drivers/STM32F4xx_HAL_Driver/Src/stm32f4xx_hal_uart.o
                0x08008328                HAL_UART_ErrorCallback
 .text.UART_DMATransmitCplt
                0x0800833c       0x9a ./Drivers/STM32F4xx_HAL_Driver/Src/stm32f4xx_hal_uart.o
 .text.UART_DMATxHalfCplt
                0x080083d6       0x1c ./Drivers/STM32F4xx_HAL_Driver/Src/stm32f4xx_hal_uart.o
 .text.UART_DMAReceiveCplt
                0x080083f2      0x126 ./Drivers/STM32F4xx_HAL_Driver/Src/stm32f4xx_hal_uart.o
 .text.UART_DMARxHalfCplt
                0x08008518       0x36 ./Drivers/STM32F4xx_HAL_Driver/Src/stm32f4xx_hal_uart.o
 .text.UART_DMAError
                0x0800854e       0x94 ./Drivers/STM32F4xx_HAL_Driver/Src/stm32f4xx_hal_uart.o
 *fill*         0x080085e2        0x2 
 .text.UART_Start_Receive_DMA
                0x080085e4      0x13c ./Drivers/STM32F4xx_HAL_Driver/Src/stm32f4xx_hal_uart.o
                0x080085e4                UART_Start_Receive_DMA
 .text.UART_EndTxTransfer
                0x08008720       0x50 ./Drivers/STM32F4xx_HAL_Driver/Src/stm32f4xx_hal_uart.o
 .text.UART_EndRxTransfer
                0x08008770       0xc6 ./Drivers/STM32F4xx_HAL_Driver/Src/stm32f4xx_hal_uart.o
 .text.UART_DMAAbortOnError
                0x08008836       0x28 ./Drivers/STM32F4xx_HAL_Driver/Src/stm32f4xx_hal_uart.o
 .text.UART_Transmit_IT
                0x0800885e       0xa0 ./Drivers/STM32F4xx_HAL_Driver/Src/stm32f4xx_hal_uart.o
 .text.UART_EndTransmit_IT
                0x080088fe       0x30 ./Drivers/STM32F4xx_HAL_Driver/Src/stm32f4xx_hal_uart.o
 .text.UART_Receive_IT
                0x0800892e      0x176 ./Drivers/STM32F4xx_HAL_Driver/Src/stm32f4xx_hal_uart.o
 .text.UART_SetConfig
                0x08008aa4      0x4e8 ./Drivers/STM32F4xx_HAL_Driver/Src/stm32f4xx_hal_uart.o
 .text.memset   0x08008f8c       0x10 C:/ST/STM32CubeIDE_1.14.0/STM32CubeIDE/plugins/com.st.stm32cube.ide.mcu.externaltools.gnu-tools-for-stm32.12.3.rel1.win32_1.0.100.202403111256/tools/bin/../lib/gcc/arm-none-eabi/12.3.1/../../../../arm-none-eabi/lib/thumb/v7e-m+fp/hard\libc_nano.a(libc_a-memset.o)
                0x08008f8c                memset
 .text.__errno  0x08008f9c        0xc C:/ST/STM32CubeIDE_1.14.0/STM32CubeIDE/plugins/com.st.stm32cube.ide.mcu.externaltools.gnu-tools-for-stm32.12.3.rel1.win32_1.0.100.202403111256/tools/bin/../lib/gcc/arm-none-eabi/12.3.1/../../../../arm-none-eabi/lib/thumb/v7e-m+fp/hard\libc_nano.a(libc_a-errno.o)
                0x08008f9c                __errno
 .text.__libc_init_array
                0x08008fa8       0x48 C:/ST/STM32CubeIDE_1.14.0/STM32CubeIDE/plugins/com.st.stm32cube.ide.mcu.externaltools.gnu-tools-for-stm32.12.3.rel1.win32_1.0.100.202403111256/tools/bin/../lib/gcc/arm-none-eabi/12.3.1/../../../../arm-none-eabi/lib/thumb/v7e-m+fp/hard\libc_nano.a(libc_a-init.o)
                0x08008fa8                __libc_init_array
 .text.pow      0x08008ff0       0xe0 C:/ST/STM32CubeIDE_1.14.0/STM32CubeIDE/plugins/com.st.stm32cube.ide.mcu.externaltools.gnu-tools-for-stm32.12.3.rel1.win32_1.0.100.202403111256/tools/bin/../lib/gcc/arm-none-eabi/12.3.1/../../../../arm-none-eabi/lib/thumb/v7e-m+fp/hard\libm.a(libm_a-w_pow.o)
                0x08008ff0                pow
 .text.sqrt     0x080090d0       0x58 C:/ST/STM32CubeIDE_1.14.0/STM32CubeIDE/plugins/com.st.stm32cube.ide.mcu.externaltools.gnu-tools-for-stm32.12.3.rel1.win32_1.0.100.202403111256/tools/bin/../lib/gcc/arm-none-eabi/12.3.1/../../../../arm-none-eabi/lib/thumb/v7e-m+fp/hard\libm.a(libm_a-w_sqrt.o)
                0x080090d0                sqrt
 .text.atan     0x08009128      0x330 C:/ST/STM32CubeIDE_1.14.0/STM32CubeIDE/plugins/com.st.stm32cube.ide.mcu.externaltools.gnu-tools-for-stm32.12.3.rel1.win32_1.0.100.202403111256/tools/bin/../lib/gcc/arm-none-eabi/12.3.1/../../../../arm-none-eabi/lib/thumb/v7e-m+fp/hard\libm.a(libm_a-s_atan.o)
                0x08009128                atan
 .text.fabs     0x08009458       0x10 C:/ST/STM32CubeIDE_1.14.0/STM32CubeIDE/plugins/com.st.stm32cube.ide.mcu.externaltools.gnu-tools-for-stm32.12.3.rel1.win32_1.0.100.202403111256/tools/bin/../lib/gcc/arm-none-eabi/12.3.1/../../../../arm-none-eabi/lib/thumb/v7e-m+fp/hard\libm.a(libm_a-s_fabs.o)
                0x08009458                fabs
 .text.powf     0x08009468       0xae C:/ST/STM32CubeIDE_1.14.0/STM32CubeIDE/plugins/com.st.stm32cube.ide.mcu.externaltools.gnu-tools-for-stm32.12.3.rel1.win32_1.0.100.202403111256/tools/bin/../lib/gcc/arm-none-eabi/12.3.1/../../../../arm-none-eabi/lib/thumb/v7e-m+fp/hard\libm.a(libm_a-wf_pow.o)
                0x08009468                powf
 .text.finite   0x08009516       0x16 C:/ST/STM32CubeIDE_1.14.0/STM32CubeIDE/plugins/com.st.stm32cube.ide.mcu.externaltools.gnu-tools-for-stm32.12.3.rel1.win32_1.0.100.202403111256/tools/bin/../lib/gcc/arm-none-eabi/12.3.1/../../../../arm-none-eabi/lib/thumb/v7e-m+fp/hard\libm.a(libm_a-s_finite.o)
                0x08009516                finite
 .text.finitef  0x0800952c       0x14 C:/ST/STM32CubeIDE_1.14.0/STM32CubeIDE/plugins/com.st.stm32cube.ide.mcu.externaltools.gnu-tools-for-stm32.12.3.rel1.win32_1.0.100.202403111256/tools/bin/../lib/gcc/arm-none-eabi/12.3.1/../../../../arm-none-eabi/lib/thumb/v7e-m+fp/hard\libm.a(libm_a-sf_finite.o)
                0x0800952c                finitef
 .text.__ieee754_sqrt
                0x08009540      0x1b4 C:/ST/STM32CubeIDE_1.14.0/STM32CubeIDE/plugins/com.st.stm32cube.ide.mcu.externaltools.gnu-tools-for-stm32.12.3.rel1.win32_1.0.100.202403111256/tools/bin/../lib/gcc/arm-none-eabi/12.3.1/../../../../arm-none-eabi/lib/thumb/v7e-m+fp/hard\libm.a(libm_a-e_sqrt.o)
                0x08009540                __ieee754_sqrt
 *fill*         0x080096f4        0x4 
 .text.__ieee754_pow
                0x080096f8      0xa88 C:/ST/STM32CubeIDE_1.14.0/STM32CubeIDE/plugins/com.st.stm32cube.ide.mcu.externaltools.gnu-tools-for-stm32.12.3.rel1.win32_1.0.100.202403111256/tools/bin/../lib/gcc/arm-none-eabi/12.3.1/../../../../arm-none-eabi/lib/thumb/v7e-m+fp/hard\libm.a(libm_a-e_pow.o)
                0x080096f8                __ieee754_pow
 .text.__ieee754_powf
                0x0800a180      0x5a0 C:/ST/STM32CubeIDE_1.14.0/STM32CubeIDE/plugins/com.st.stm32cube.ide.mcu.externaltools.gnu-tools-for-stm32.12.3.rel1.win32_1.0.100.202403111256/tools/bin/../lib/gcc/arm-none-eabi/12.3.1/../../../../arm-none-eabi/lib/thumb/v7e-m+fp/hard\libm.a(libm_a-ef_pow.o)
                0x0800a180                __ieee754_powf
 .text.fabsf    0x0800a720        0xe C:/ST/STM32CubeIDE_1.14.0/STM32CubeIDE/plugins/com.st.stm32cube.ide.mcu.externaltools.gnu-tools-for-stm32.12.3.rel1.win32_1.0.100.202403111256/tools/bin/../lib/gcc/arm-none-eabi/12.3.1/../../../../arm-none-eabi/lib/thumb/v7e-m+fp/hard\libm.a(libm_a-sf_fabs.o)
                0x0800a720                fabsf
 *fill*         0x0800a72e        0x2 
 .text.scalbn   0x0800a730       0xfc C:/ST/STM32CubeIDE_1.14.0/STM32CubeIDE/plugins/com.st.stm32cube.ide.mcu.externaltools.gnu-tools-for-stm32.12.3.rel1.win32_1.0.100.202403111256/tools/bin/../lib/gcc/arm-none-eabi/12.3.1/../../../../arm-none-eabi/lib/thumb/v7e-m+fp/hard\libm.a(libm_a-s_scalbn.o)
                0x0800a730                scalbn
 .text.with_errno
                0x0800a82c       0x24 C:/ST/STM32CubeIDE_1.14.0/STM32CubeIDE/plugins/com.st.stm32cube.ide.mcu.externaltools.gnu-tools-for-stm32.12.3.rel1.win32_1.0.100.202403111256/tools/bin/../lib/gcc/arm-none-eabi/12.3.1/../../../../arm-none-eabi/lib/thumb/v7e-m+fp/hard\libm.a(libm_a-math_err.o)
 .text.xflow    0x0800a850       0x32 C:/ST/STM32CubeIDE_1.14.0/STM32CubeIDE/plugins/com.st.stm32cube.ide.mcu.externaltools.gnu-tools-for-stm32.12.3.rel1.win32_1.0.100.202403111256/tools/bin/../lib/gcc/arm-none-eabi/12.3.1/../../../../arm-none-eabi/lib/thumb/v7e-m+fp/hard\libm.a(libm_a-math_err.o)
 *fill*         0x0800a882        0x6 
 .text.__math_uflow
                0x0800a888       0x10 C:/ST/STM32CubeIDE_1.14.0/STM32CubeIDE/plugins/com.st.stm32cube.ide.mcu.externaltools.gnu-tools-for-stm32.12.3.rel1.win32_1.0.100.202403111256/tools/bin/../lib/gcc/arm-none-eabi/12.3.1/../../../../arm-none-eabi/lib/thumb/v7e-m+fp/hard\libm.a(libm_a-math_err.o)
                0x0800a888                __math_uflow
 .text.__math_oflow
                0x0800a898       0x10 C:/ST/STM32CubeIDE_1.14.0/STM32CubeIDE/plugins/com.st.stm32cube.ide.mcu.externaltools.gnu-tools-for-stm32.12.3.rel1.win32_1.0.100.202403111256/tools/bin/../lib/gcc/arm-none-eabi/12.3.1/../../../../arm-none-eabi/lib/thumb/v7e-m+fp/hard\libm.a(libm_a-math_err.o)
                0x0800a898                __math_oflow
 .text.scalbnf  0x0800a8a8       0xcc C:/ST/STM32CubeIDE_1.14.0/STM32CubeIDE/plugins/com.st.stm32cube.ide.mcu.externaltools.gnu-tools-for-stm32.12.3.rel1.win32_1.0.100.202403111256/tools/bin/../lib/gcc/arm-none-eabi/12.3.1/../../../../arm-none-eabi/lib/thumb/v7e-m+fp/hard\libm.a(libm_a-sf_scalbn.o)
                0x0800a8a8                scalbnf
 .text.with_errnof
                0x0800a974       0x1c C:/ST/STM32CubeIDE_1.14.0/STM32CubeIDE/plugins/com.st.stm32cube.ide.mcu.externaltools.gnu-tools-for-stm32.12.3.rel1.win32_1.0.100.202403111256/tools/bin/../lib/gcc/arm-none-eabi/12.3.1/../../../../arm-none-eabi/lib/thumb/v7e-m+fp/hard\libm.a(libm_a-math_errf.o)
 .text.xflowf   0x0800a990       0x16 C:/ST/STM32CubeIDE_1.14.0/STM32CubeIDE/plugins/com.st.stm32cube.ide.mcu.externaltools.gnu-tools-for-stm32.12.3.rel1.win32_1.0.100.202403111256/tools/bin/../lib/gcc/arm-none-eabi/12.3.1/../../../../arm-none-eabi/lib/thumb/v7e-m+fp/hard\libm.a(libm_a-math_errf.o)
 *fill*         0x0800a9a6        0x2 
 .text.__math_uflowf
                0x0800a9a8        0xc C:/ST/STM32CubeIDE_1.14.0/STM32CubeIDE/plugins/com.st.stm32cube.ide.mcu.externaltools.gnu-tools-for-stm32.12.3.rel1.win32_1.0.100.202403111256/tools/bin/../lib/gcc/arm-none-eabi/12.3.1/../../../../arm-none-eabi/lib/thumb/v7e-m+fp/hard\libm.a(libm_a-math_errf.o)
                0x0800a9a8                __math_uflowf
 .text.__math_oflowf
                0x0800a9b4        0xc C:/ST/STM32CubeIDE_1.14.0/STM32CubeIDE/plugins/com.st.stm32cube.ide.mcu.externaltools.gnu-tools-for-stm32.12.3.rel1.win32_1.0.100.202403111256/tools/bin/../lib/gcc/arm-none-eabi/12.3.1/../../../../arm-none-eabi/lib/thumb/v7e-m+fp/hard\libm.a(libm_a-math_errf.o)
                0x0800a9b4                __math_oflowf
 .text.__ieee754_sqrtf
                0x0800a9c0        0x6 C:/ST/STM32CubeIDE_1.14.0/STM32CubeIDE/plugins/com.st.stm32cube.ide.mcu.externaltools.gnu-tools-for-stm32.12.3.rel1.win32_1.0.100.202403111256/tools/bin/../lib/gcc/arm-none-eabi/12.3.1/../../../../arm-none-eabi/lib/thumb/v7e-m+fp/hard\libm.a(libm_a-ef_sqrt.o)
                0x0800a9c0                __ieee754_sqrtf
 *(.glue_7)
 .glue_7        0x0800a9c6        0x0 linker stubs
 *(.glue_7t)
 .glue_7t       0x0800a9c6        0x0 linker stubs
 *(.eh_frame)
 *fill*         0x0800a9c6        0x2 
 .eh_frame      0x0800a9c8        0x0 C:/ST/STM32CubeIDE_1.14.0/STM32CubeIDE/plugins/com.st.stm32cube.ide.mcu.externaltools.gnu-tools-for-stm32.12.3.rel1.win32_1.0.100.202403111256/tools/bin/../lib/gcc/arm-none-eabi/12.3.1/thumb/v7e-m+fp/hard/crtbegin.o
 *(.init)
 .init          0x0800a9c8        0x4 C:/ST/STM32CubeIDE_1.14.0/STM32CubeIDE/plugins/com.st.stm32cube.ide.mcu.externaltools.gnu-tools-for-stm32.12.3.rel1.win32_1.0.100.202403111256/tools/bin/../lib/gcc/arm-none-eabi/12.3.1/thumb/v7e-m+fp/hard/crti.o
                0x0800a9c8                _init
 .init          0x0800a9cc        0x8 C:/ST/STM32CubeIDE_1.14.0/STM32CubeIDE/plugins/com.st.stm32cube.ide.mcu.externaltools.gnu-tools-for-stm32.12.3.rel1.win32_1.0.100.202403111256/tools/bin/../lib/gcc/arm-none-eabi/12.3.1/thumb/v7e-m+fp/hard/crtn.o
 *(.fini)
 .fini          0x0800a9d4        0x4 C:/ST/STM32CubeIDE_1.14.0/STM32CubeIDE/plugins/com.st.stm32cube.ide.mcu.externaltools.gnu-tools-for-stm32.12.3.rel1.win32_1.0.100.202403111256/tools/bin/../lib/gcc/arm-none-eabi/12.3.1/thumb/v7e-m+fp/hard/crti.o
                0x0800a9d4                _fini
 .fini          0x0800a9d8        0x8 C:/ST/STM32CubeIDE_1.14.0/STM32CubeIDE/plugins/com.st.stm32cube.ide.mcu.externaltools.gnu-tools-for-stm32.12.3.rel1.win32_1.0.100.202403111256/tools/bin/../lib/gcc/arm-none-eabi/12.3.1/thumb/v7e-m+fp/hard/crtn.o
                0x0800a9e0                        . = ALIGN (0x4)
                0x0800a9e0                        _etext = .

.vfp11_veneer   0x0800a9e0        0x0
 .vfp11_veneer  0x0800a9e0        0x0 linker stubs

.v4_bx          0x0800a9e0        0x0
 .v4_bx         0x0800a9e0        0x0 linker stubs

.iplt           0x0800a9e0        0x0
 .iplt          0x0800a9e0        0x0 C:/ST/STM32CubeIDE_1.14.0/STM32CubeIDE/plugins/com.st.stm32cube.ide.mcu.externaltools.gnu-tools-for-stm32.12.3.rel1.win32_1.0.100.202403111256/tools/bin/../lib/gcc/arm-none-eabi/12.3.1/thumb/v7e-m+fp/hard/crtbegin.o

.rodata         0x0800a9e0       0xa8
                0x0800a9e0                        . = ALIGN (0x4)
 *(.rodata)
 *(.rodata*)
 .rodata.AHBPrescTable
                0x0800a9e0       0x10 ./Core/Src/system_stm32f4xx.o
                0x0800a9e0                AHBPrescTable
 .rodata.APBPrescTable
                0x0800a9f0        0x8 ./Core/Src/system_stm32f4xx.o
                0x0800a9f0                APBPrescTable
 .rodata.flagBitshiftOffset.0
                0x0800a9f8        0x8 ./Drivers/STM32F4xx_HAL_Driver/Src/stm32f4xx_hal_dma.o
 .rodata.atanlo
                0x0800aa00       0x20 C:/ST/STM32CubeIDE_1.14.0/STM32CubeIDE/plugins/com.st.stm32cube.ide.mcu.externaltools.gnu-tools-for-stm32.12.3.rel1.win32_1.0.100.202403111256/tools/bin/../lib/gcc/arm-none-eabi/12.3.1/../../../../arm-none-eabi/lib/thumb/v7e-m+fp/hard\libm.a(libm_a-s_atan.o)
 .rodata.atanhi
                0x0800aa20       0x20 C:/ST/STM32CubeIDE_1.14.0/STM32CubeIDE/plugins/com.st.stm32cube.ide.mcu.externaltools.gnu-tools-for-stm32.12.3.rel1.win32_1.0.100.202403111256/tools/bin/../lib/gcc/arm-none-eabi/12.3.1/../../../../arm-none-eabi/lib/thumb/v7e-m+fp/hard\libm.a(libm_a-s_atan.o)
 .rodata.dp_l   0x0800aa40       0x10 C:/ST/STM32CubeIDE_1.14.0/STM32CubeIDE/plugins/com.st.stm32cube.ide.mcu.externaltools.gnu-tools-for-stm32.12.3.rel1.win32_1.0.100.202403111256/tools/bin/../lib/gcc/arm-none-eabi/12.3.1/../../../../arm-none-eabi/lib/thumb/v7e-m+fp/hard\libm.a(libm_a-e_pow.o)
 .rodata.dp_h   0x0800aa50       0x10 C:/ST/STM32CubeIDE_1.14.0/STM32CubeIDE/plugins/com.st.stm32cube.ide.mcu.externaltools.gnu-tools-for-stm32.12.3.rel1.win32_1.0.100.202403111256/tools/bin/../lib/gcc/arm-none-eabi/12.3.1/../../../../arm-none-eabi/lib/thumb/v7e-m+fp/hard\libm.a(libm_a-e_pow.o)
 .rodata.bp     0x0800aa60       0x10 C:/ST/STM32CubeIDE_1.14.0/STM32CubeIDE/plugins/com.st.stm32cube.ide.mcu.externaltools.gnu-tools-for-stm32.12.3.rel1.win32_1.0.100.202403111256/tools/bin/../lib/gcc/arm-none-eabi/12.3.1/../../../../arm-none-eabi/lib/thumb/v7e-m+fp/hard\libm.a(libm_a-e_pow.o)
 .rodata.dp_l   0x0800aa70        0x8 C:/ST/STM32CubeIDE_1.14.0/STM32CubeIDE/plugins/com.st.stm32cube.ide.mcu.externaltools.gnu-tools-for-stm32.12.3.rel1.win32_1.0.100.202403111256/tools/bin/../lib/gcc/arm-none-eabi/12.3.1/../../../../arm-none-eabi/lib/thumb/v7e-m+fp/hard\libm.a(libm_a-ef_pow.o)
 .rodata.dp_h   0x0800aa78        0x8 C:/ST/STM32CubeIDE_1.14.0/STM32CubeIDE/plugins/com.st.stm32cube.ide.mcu.externaltools.gnu-tools-for-stm32.12.3.rel1.win32_1.0.100.202403111256/tools/bin/../lib/gcc/arm-none-eabi/12.3.1/../../../../arm-none-eabi/lib/thumb/v7e-m+fp/hard\libm.a(libm_a-ef_pow.o)
 .rodata.bp     0x0800aa80        0x8 C:/ST/STM32CubeIDE_1.14.0/STM32CubeIDE/plugins/com.st.stm32cube.ide.mcu.externaltools.gnu-tools-for-stm32.12.3.rel1.win32_1.0.100.202403111256/tools/bin/../lib/gcc/arm-none-eabi/12.3.1/../../../../arm-none-eabi/lib/thumb/v7e-m+fp/hard\libm.a(libm_a-ef_pow.o)
                0x0800aa88                        . = ALIGN (0x4)

.ARM.extab      0x0800aa88        0x0
                0x0800aa88                        . = ALIGN (0x4)
 *(.ARM.extab* .gnu.linkonce.armextab.*)
                0x0800aa88                        . = ALIGN (0x4)

.ARM            0x0800aa88        0x8
                0x0800aa88                        . = ALIGN (0x4)
                0x0800aa88                        __exidx_start = .
 *(.ARM.exidx*)
 .ARM.exidx     0x0800aa88        0x8 C:/ST/STM32CubeIDE_1.14.0/STM32CubeIDE/plugins/com.st.stm32cube.ide.mcu.externaltools.gnu-tools-for-stm32.12.3.rel1.win32_1.0.100.202403111256/tools/bin/../lib/gcc/arm-none-eabi/12.3.1/thumb/v7e-m+fp/hard\libgcc.a(_udivmoddi4.o)
                0x0800aa90                        __exidx_end = .
                0x0800aa90                        . = ALIGN (0x4)

.rel.dyn        0x0800aa90        0x0
 .rel.iplt      0x0800aa90        0x0 C:/ST/STM32CubeIDE_1.14.0/STM32CubeIDE/plugins/com.st.stm32cube.ide.mcu.externaltools.gnu-tools-for-stm32.12.3.rel1.win32_1.0.100.202403111256/tools/bin/../lib/gcc/arm-none-eabi/12.3.1/thumb/v7e-m+fp/hard/crtbegin.o

.preinit_array  0x0800aa90        0x0
                0x0800aa90                        . = ALIGN (0x4)
                0x0800aa90                        PROVIDE (__preinit_array_start = .)
 *(.preinit_array*)
                0x0800aa90                        PROVIDE (__preinit_array_end = .)
                0x0800aa90                        . = ALIGN (0x4)

.init_array     0x0800aa90        0x4
                0x0800aa90                        . = ALIGN (0x4)
                0x0800aa90                        PROVIDE (__init_array_start = .)
 *(SORT_BY_NAME(.init_array.*))
 *(.init_array*)
 .init_array    0x0800aa90        0x4 C:/ST/STM32CubeIDE_1.14.0/STM32CubeIDE/plugins/com.st.stm32cube.ide.mcu.externaltools.gnu-tools-for-stm32.12.3.rel1.win32_1.0.100.202403111256/tools/bin/../lib/gcc/arm-none-eabi/12.3.1/thumb/v7e-m+fp/hard/crtbegin.o
                0x0800aa94                        PROVIDE (__init_array_end = .)
                0x0800aa94                        . = ALIGN (0x4)

.fini_array     0x0800aa94        0x4
                0x0800aa94                        . = ALIGN (0x4)
                [!provide]                        PROVIDE (__fini_array_start = .)
 *(SORT_BY_NAME(.fini_array.*))
 *(.fini_array*)
 .fini_array    0x0800aa94        0x4 C:/ST/STM32CubeIDE_1.14.0/STM32CubeIDE/plugins/com.st.stm32cube.ide.mcu.externaltools.gnu-tools-for-stm32.12.3.rel1.win32_1.0.100.202403111256/tools/bin/../lib/gcc/arm-none-eabi/12.3.1/thumb/v7e-m+fp/hard/crtbegin.o
                [!provide]                        PROVIDE (__fini_array_end = .)
                0x0800aa98                        . = ALIGN (0x4)
                0x0800aa98                        _sidata = LOADADDR (.data)

.data           0x20000000       0x78 load address 0x0800aa98
                0x20000000                        . = ALIGN (0x4)
                0x20000000                        _sdata = .
 *(.data)
 *(.data*)
 .data.address  0x20000000        0x1 ./Core/Src/main.o
                0x20000000                address
 *fill*         0x20000001        0x3 
 .data.KalmanUncertaintyAngleRoll
                0x20000004        0x4 ./Core/Src/main.o
                0x20000004                KalmanUncertaintyAngleRoll
 .data.KalmanUncertaintyAnglePitch
                0x20000008        0x4 ./Core/Src/main.o
                0x20000008                KalmanUncertaintyAnglePitch
 .data.SystemCoreClock
                0x2000000c        0x4 ./Core/Src/system_stm32f4xx.o
                0x2000000c                SystemCoreClock
 .data.uwTickPrio
                0x20000010        0x4 ./Drivers/STM32F4xx_HAL_Driver/Src/stm32f4xx_hal.o
                0x20000010                uwTickPrio
 .data.uwTickFreq
                0x20000014        0x1 ./Drivers/STM32F4xx_HAL_Driver/Src/stm32f4xx_hal.o
                0x20000014                uwTickFreq
 *fill*         0x20000015        0x3 
 .data._impure_ptr
                0x20000018        0x4 C:/ST/STM32CubeIDE_1.14.0/STM32CubeIDE/plugins/com.st.stm32cube.ide.mcu.externaltools.gnu-tools-for-stm32.12.3.rel1.win32_1.0.100.202403111256/tools/bin/../lib/gcc/arm-none-eabi/12.3.1/../../../../arm-none-eabi/lib/thumb/v7e-m+fp/hard\libc_nano.a(libc_a-impure.o)
                0x20000018                _impure_ptr
 .data._impure_data
                0x2000001c       0x4c C:/ST/STM32CubeIDE_1.14.0/STM32CubeIDE/plugins/com.st.stm32cube.ide.mcu.externaltools.gnu-tools-for-stm32.12.3.rel1.win32_1.0.100.202403111256/tools/bin/../lib/gcc/arm-none-eabi/12.3.1/../../../../arm-none-eabi/lib/thumb/v7e-m+fp/hard\libc_nano.a(libc_a-impure.o)
                0x2000001c                _impure_data
 .data.tiny     0x20000068        0x8 C:/ST/STM32CubeIDE_1.14.0/STM32CubeIDE/plugins/com.st.stm32cube.ide.mcu.externaltools.gnu-tools-for-stm32.12.3.rel1.win32_1.0.100.202403111256/tools/bin/../lib/gcc/arm-none-eabi/12.3.1/../../../../arm-none-eabi/lib/thumb/v7e-m+fp/hard\libm.a(libm_a-e_sqrt.o)
 .data.one      0x20000070        0x8 C:/ST/STM32CubeIDE_1.14.0/STM32CubeIDE/plugins/com.st.stm32cube.ide.mcu.externaltools.gnu-tools-for-stm32.12.3.rel1.win32_1.0.100.202403111256/tools/bin/../lib/gcc/arm-none-eabi/12.3.1/../../../../arm-none-eabi/lib/thumb/v7e-m+fp/hard\libm.a(libm_a-e_sqrt.o)
 *(.RamFunc)
 *(.RamFunc*)
                0x20000078                        . = ALIGN (0x4)
                0x20000078                        _edata = .
                0x0800ab10                        _siccmram = LOADADDR (.ccmram)

.igot.plt       0x20000078        0x0 load address 0x0800ab10
 .igot.plt      0x20000078        0x0 C:/ST/STM32CubeIDE_1.14.0/STM32CubeIDE/plugins/com.st.stm32cube.ide.mcu.externaltools.gnu-tools-for-stm32.12.3.rel1.win32_1.0.100.202403111256/tools/bin/../lib/gcc/arm-none-eabi/12.3.1/thumb/v7e-m+fp/hard/crtbegin.o

.ccmram         0x10000000        0x0 load address 0x0800ab10
                0x10000000                        . = ALIGN (0x4)
                0x10000000                        _sccmram = .
 *(.ccmram)
 *(.ccmram*)
                0x10000000                        . = ALIGN (0x4)
                0x10000000                        _eccmram = .
                0x10000000                        . = ALIGN (0x4)

.bss            0x20000078      0x8a4
                0x20000078                        _sbss = .
                0x20000078                        __bss_start__ = _sbss
 *(.bss)
 .bss           0x20000078       0x1c C:/ST/STM32CubeIDE_1.14.0/STM32CubeIDE/plugins/com.st.stm32cube.ide.mcu.externaltools.gnu-tools-for-stm32.12.3.rel1.win32_1.0.100.202403111256/tools/bin/../lib/gcc/arm-none-eabi/12.3.1/thumb/v7e-m+fp/hard/crtbegin.o
 *(.bss*)
 .bss.buffer    0x20000094        0x5 ./Core/Src/main.o
                0x20000094                buffer
 *fill*         0x20000099        0x3 
 .bss.calibrationData
                0x2000009c        0xe ./Core/Src/main.o
                0x2000009c                calibrationData
 *fill*         0x200000aa        0x6 
 .bss.OFF       0x200000b0        0x8 ./Core/Src/main.o
                0x200000b0                OFF
 .bss.OFF2      0x200000b8        0x8 ./Core/Src/main.o
                0x200000b8                OFF2
 .bss.SENS      0x200000c0        0x8 ./Core/Src/main.o
                0x200000c0                SENS
 .bss.SENS2     0x200000c8        0x8 ./Core/Src/main.o
                0x200000c8                SENS2
 .bss.pressure  0x200000d0        0x4 ./Core/Src/main.o
                0x200000d0                pressure
 .bss.D1        0x200000d4        0x4 ./Core/Src/main.o
                0x200000d4                D1
 .bss.D2        0x200000d8        0x4 ./Core/Src/main.o
                0x200000d8                D2
 .bss.dT        0x200000dc        0x4 ./Core/Src/main.o
                0x200000dc                dT
 .bss.P         0x200000e0        0x4 ./Core/Src/main.o
                0x200000e0                P
 .bss.TEMP      0x200000e4        0x4 ./Core/Src/main.o
                0x200000e4                TEMP
 .bss.T2        0x200000e8        0x4 ./Core/Src/main.o
                0x200000e8                T2
 .bss.Altitude  0x200000ec        0x4 ./Core/Src/main.o
                0x200000ec                Altitude
 .bss.Flag_Plot
                0x200000f0        0x1 ./Core/Src/main.o
                0x200000f0                Flag_Plot
 *fill*         0x200000f1        0x3 
 .bss.Rx_Data   0x200000f4       0x3f ./Core/Src/main.o
                0x200000f4                Rx_Data
 *fill*         0x20000133        0x1 
 .bss.Rx_buff   0x20000134       0x3f ./Core/Src/main.o
                0x20000134                Rx_buff
 *fill*         0x20000173        0x1 
 .bss.Tx_buff   0x20000174       0x46 ./Core/Src/main.o
                0x20000174                Tx_buff
 .bss.size_RxData
                0x200001ba        0x2 ./Core/Src/main.o
                0x200001ba                size_RxData
 .bss.ch        0x200001bc       0x20 ./Core/Src/main.o
                0x200001bc                ch
 .bss.tick      0x200001dc        0x4 ./Core/Src/main.o
                0x200001dc                tick
 .bss.pulse     0x200001e0        0x1 ./Core/Src/main.o
                0x200001e0                pulse
 *fill*         0x200001e1        0x3 
 .bss.AngleRoll
                0x200001e4        0x4 ./Core/Src/main.o
                0x200001e4                AngleRoll
 .bss.AnglePitch
                0x200001e8        0x4 ./Core/Src/main.o
                0x200001e8                AnglePitch
 .bss.Accel_X_RAW
                0x200001ec        0x2 ./Core/Src/main.o
                0x200001ec                Accel_X_RAW
 .bss.Accel_Y_RAW
                0x200001ee        0x2 ./Core/Src/main.o
                0x200001ee                Accel_Y_RAW
 .bss.Accel_Z_RAW
                0x200001f0        0x2 ./Core/Src/main.o
                0x200001f0                Accel_Z_RAW
 .bss.Gyro_X_RAW
                0x200001f2        0x2 ./Core/Src/main.o
                0x200001f2                Gyro_X_RAW
 .bss.Gyro_Y_RAW
                0x200001f4        0x2 ./Core/Src/main.o
                0x200001f4                Gyro_Y_RAW
 .bss.Gyro_Z_RAW
                0x200001f6        0x2 ./Core/Src/main.o
                0x200001f6                Gyro_Z_RAW
 .bss.Ax        0x200001f8        0x4 ./Core/Src/main.o
                0x200001f8                Ax
 .bss.Ay        0x200001fc        0x4 ./Core/Src/main.o
                0x200001fc                Ay
 .bss.Az        0x20000200        0x4 ./Core/Src/main.o
                0x20000200                Az
 .bss.Gx        0x20000204        0x4 ./Core/Src/main.o
                0x20000204                Gx
 .bss.Gy        0x20000208        0x4 ./Core/Src/main.o
                0x20000208                Gy
 .bss.Gz        0x2000020c        0x4 ./Core/Src/main.o
                0x2000020c                Gz
 .bss.Gyro_X_Calib
                0x20000210        0x4 ./Core/Src/main.o
                0x20000210                Gyro_X_Calib
 .bss.Gyro_Y_Calib
                0x20000214        0x4 ./Core/Src/main.o
                0x20000214                Gyro_Y_Calib
 .bss.Gyro_Z_Calib
                0x20000218        0x4 ./Core/Src/main.o
                0x20000218                Gyro_Z_Calib
 .bss.loop_timer
                0x2000021c        0x4 ./Core/Src/main.o
                0x2000021c                loop_timer
 .bss.receiver_input_channel_1
                0x20000220        0x4 ./Core/Src/main.o
                0x20000220                receiver_input_channel_1
 .bss.receiver_input_channel_2
                0x20000224        0x4 ./Core/Src/main.o
                0x20000224                receiver_input_channel_2
 .bss.receiver_input_channel_3
                0x20000228        0x4 ./Core/Src/main.o
                0x20000228                receiver_input_channel_3
 .bss.receiver_input_channel_4
                0x2000022c        0x4 ./Core/Src/main.o
                0x2000022c                receiver_input_channel_4
 .bss.KalmanAngleRoll
                0x20000230        0x4 ./Core/Src/main.o
                0x20000230                KalmanAngleRoll
 .bss.KalmanAnglePitch
                0x20000234        0x4 ./Core/Src/main.o
                0x20000234                KalmanAnglePitch
 .bss.Kalman1DOutput
                0x20000238        0x8 ./Core/Src/main.o
                0x20000238                Kalman1DOutput
 .bss.DesiredRateRoll
                0x20000240        0x4 ./Core/Src/main.o
                0x20000240                DesiredRateRoll
 .bss.DesiredRatePitch
                0x20000244        0x4 ./Core/Src/main.o
                0x20000244                DesiredRatePitch
 .bss.DesiredRateYaw
                0x20000248        0x4 ./Core/Src/main.o
                0x20000248                DesiredRateYaw
 .bss.ErrorRateRoll
                0x2000024c        0x4 ./Core/Src/main.o
                0x2000024c                ErrorRateRoll
 .bss.ErrorRatePitch
                0x20000250        0x4 ./Core/Src/main.o
                0x20000250                ErrorRatePitch
 .bss.ErrorRateYaw
                0x20000254        0x4 ./Core/Src/main.o
                0x20000254                ErrorRateYaw
 .bss.InputRoll
                0x20000258        0x4 ./Core/Src/main.o
                0x20000258                InputRoll
 .bss.InputThrottle
                0x2000025c        0x4 ./Core/Src/main.o
                0x2000025c                InputThrottle
 .bss.InputPitch
                0x20000260        0x4 ./Core/Src/main.o
                0x20000260                InputPitch
 .bss.InputYaw  0x20000264        0x4 ./Core/Src/main.o
                0x20000264                InputYaw
 .bss.PrevErrorRateRoll
                0x20000268        0x4 ./Core/Src/main.o
                0x20000268                PrevErrorRateRoll
 .bss.PrevErrorRatePitch
                0x2000026c        0x4 ./Core/Src/main.o
                0x2000026c                PrevErrorRatePitch
 .bss.PrevErrorRateYaw
                0x20000270        0x4 ./Core/Src/main.o
                0x20000270                PrevErrorRateYaw
 .bss.PrevItermRateRoll
                0x20000274        0x4 ./Core/Src/main.o
                0x20000274                PrevItermRateRoll
 .bss.PrevItermRatePitch
                0x20000278        0x4 ./Core/Src/main.o
                0x20000278                PrevItermRatePitch
 .bss.PrevItermRateYaw
                0x2000027c        0x4 ./Core/Src/main.o
                0x2000027c                PrevItermRateYaw
 .bss.PIDReturn
                0x20000280        0xc ./Core/Src/main.o
                0x20000280                PIDReturn
 .bss.PRateRoll
                0x2000028c        0x4 ./Core/Src/main.o
                0x2000028c                PRateRoll
 .bss.PRatePitch
                0x20000290        0x4 ./Core/Src/main.o
                0x20000290                PRatePitch
 .bss.PRateYaw  0x20000294        0x4 ./Core/Src/main.o
                0x20000294                PRateYaw
 .bss.IRateRoll
                0x20000298        0x4 ./Core/Src/main.o
                0x20000298                IRateRoll
 .bss.IRatePitch
                0x2000029c        0x4 ./Core/Src/main.o
                0x2000029c                IRatePitch
 .bss.IRateYaw  0x200002a0        0x4 ./Core/Src/main.o
                0x200002a0                IRateYaw
 .bss.DRateRoll
                0x200002a4        0x4 ./Core/Src/main.o
                0x200002a4                DRateRoll
 .bss.DRatePitch
                0x200002a8        0x4 ./Core/Src/main.o
                0x200002a8                DRatePitch
 .bss.DRateYaw  0x200002ac        0x4 ./Core/Src/main.o
                0x200002ac                DRateYaw
 .bss.MotorInput1
                0x200002b0        0x4 ./Core/Src/main.o
                0x200002b0                MotorInput1
 .bss.MotorInput2
                0x200002b4        0x4 ./Core/Src/main.o
                0x200002b4                MotorInput2
 .bss.MotorInput3
                0x200002b8        0x4 ./Core/Src/main.o
                0x200002b8                MotorInput3
 .bss.MotorInput4
                0x200002bc        0x4 ./Core/Src/main.o
                0x200002bc                MotorInput4
 .bss.DesiredAngleRoll
                0x200002c0        0x4 ./Core/Src/main.o
                0x200002c0                DesiredAngleRoll
 .bss.DesiredAnglePitch
                0x200002c4        0x4 ./Core/Src/main.o
                0x200002c4                DesiredAnglePitch
 .bss.ErrorAngleRoll
                0x200002c8        0x4 ./Core/Src/main.o
                0x200002c8                ErrorAngleRoll
 .bss.ErrorAnglePitch
                0x200002cc        0x4 ./Core/Src/main.o
                0x200002cc                ErrorAnglePitch
 .bss.PrevErrorAngleRoll
                0x200002d0        0x4 ./Core/Src/main.o
                0x200002d0                PrevErrorAngleRoll
 .bss.PrevErrorAnglePitch
                0x200002d4        0x4 ./Core/Src/main.o
                0x200002d4                PrevErrorAnglePitch
 .bss.PrevItermAngleRoll
                0x200002d8        0x4 ./Core/Src/main.o
                0x200002d8                PrevItermAngleRoll
 .bss.PrevItermAnglePitch
                0x200002dc        0x4 ./Core/Src/main.o
                0x200002dc                PrevItermAnglePitch
 .bss.PAngleRoll
                0x200002e0        0x4 ./Core/Src/main.o
                0x200002e0                PAngleRoll
 .bss.PAnglePitch
                0x200002e4        0x4 ./Core/Src/main.o
                0x200002e4                PAnglePitch
 .bss.IAngleRoll
                0x200002e8        0x4 ./Core/Src/main.o
                0x200002e8                IAngleRoll
 .bss.IAnglePitch
                0x200002ec        0x4 ./Core/Src/main.o
                0x200002ec                IAnglePitch
 .bss.DAngleRoll
                0x200002f0        0x4 ./Core/Src/main.o
                0x200002f0                DAngleRoll
 .bss.DAnglePitch
                0x200002f4        0x4 ./Core/Src/main.o
                0x200002f4                DAnglePitch
 .bss.hi2c1     0x200002f8       0x54 ./Core/Src/main.o
                0x200002f8                hi2c1
 .bss.hi2c2     0x2000034c       0x54 ./Core/Src/main.o
                0x2000034c                hi2c2
 .bss.hdma_i2c1_rx
                0x200003a0       0x60 ./Core/Src/main.o
                0x200003a0                hdma_i2c1_rx
 .bss.hdma_i2c1_tx
                0x20000400       0x60 ./Core/Src/main.o
                0x20000400                hdma_i2c1_tx
 .bss.hspi3     0x20000460       0x58 ./Core/Src/main.o
                0x20000460                hspi3
 .bss.htim1     0x200004b8       0x48 ./Core/Src/main.o
                0x200004b8                htim1
 .bss.htim2     0x20000500       0x48 ./Core/Src/main.o
                0x20000500                htim2
 .bss.htim3     0x20000548       0x48 ./Core/Src/main.o
                0x20000548                htim3
 .bss.htim4     0x20000590       0x48 ./Core/Src/main.o
                0x20000590                htim4
 .bss.huart2    0x200005d8       0x44 ./Core/Src/main.o
                0x200005d8                huart2
 .bss.huart3    0x2000061c       0x44 ./Core/Src/main.o
                0x2000061c                huart3
 .bss.hdma_usart2_rx
                0x20000660       0x60 ./Core/Src/main.o
                0x20000660                hdma_usart2_rx
 .bss.hdma_usart2_tx
                0x200006c0       0x60 ./Core/Src/main.o
                0x200006c0                hdma_usart2_tx
 .bss.hdma_usart3_rx
                0x20000720       0x60 ./Core/Src/main.o
                0x20000720                hdma_usart3_rx
 .bss.hdma_usart3_tx
                0x20000780       0x60 ./Core/Src/main.o
                0x20000780                hdma_usart3_tx
 .bss.uwTick    0x200007e0        0x4 ./Drivers/STM32F4xx_HAL_Driver/Src/stm32f4xx_hal.o
                0x200007e0                uwTick
 .bss.__sf      0x200007e4      0x138 C:/ST/STM32CubeIDE_1.14.0/STM32CubeIDE/plugins/com.st.stm32cube.ide.mcu.externaltools.gnu-tools-for-stm32.12.3.rel1.win32_1.0.100.202403111256/tools/bin/../lib/gcc/arm-none-eabi/12.3.1/../../../../arm-none-eabi/lib/thumb/v7e-m+fp/hard\libc_nano.a(libc_a-findfp.o)
                0x200007e4                __sf
 *(COMMON)
                0x2000091c                        . = ALIGN (0x4)
                0x2000091c                        _ebss = .
                0x2000091c                        __bss_end__ = _ebss

._user_heap_stack
                0x2000091c      0x604
                0x20000920                        . = ALIGN (0x8)
 *fill*         0x2000091c        0x4 
                [!provide]                        PROVIDE (end = .)
                0x20000920                        PROVIDE (_end = .)
                0x20000b20                        . = (. + _Min_Heap_Size)
 *fill*         0x20000920      0x200 
                0x20000f20                        . = (. + _Min_Stack_Size)
 *fill*         0x20000b20      0x400 
                0x20000f20                        . = ALIGN (0x8)

/DISCARD/
 libc.a(*)
 libm.a(*)
 libgcc.a(*)

.ARM.attributes
                0x00000000       0x30
 *(.ARM.attributes)
 .ARM.attributes
                0x00000000       0x22 C:/ST/STM32CubeIDE_1.14.0/STM32CubeIDE/plugins/com.st.stm32cube.ide.mcu.externaltools.gnu-tools-for-stm32.12.3.rel1.win32_1.0.100.202403111256/tools/bin/../lib/gcc/arm-none-eabi/12.3.1/thumb/v7e-m+fp/hard/crti.o
 .ARM.attributes
                0x00000022       0x34 C:/ST/STM32CubeIDE_1.14.0/STM32CubeIDE/plugins/com.st.stm32cube.ide.mcu.externaltools.gnu-tools-for-stm32.12.3.rel1.win32_1.0.100.202403111256/tools/bin/../lib/gcc/arm-none-eabi/12.3.1/thumb/v7e-m+fp/hard/crtbegin.o
 .ARM.attributes
                0x00000056       0x34 ./Core/Src/main.o
 .ARM.attributes
                0x0000008a       0x34 ./Core/Src/stm32f4xx_hal_msp.o
 .ARM.attributes
                0x000000be       0x34 ./Core/Src/stm32f4xx_it.o
 .ARM.attributes
                0x000000f2       0x34 ./Core/Src/system_stm32f4xx.o
 .ARM.attributes
                0x00000126       0x34 ./Core/Src/wire.o
 .ARM.attributes
                0x0000015a       0x21 ./Core/Startup/startup_stm32f407vgtx.o
 .ARM.attributes
                0x0000017b       0x34 ./Drivers/STM32F4xx_HAL_Driver/Src/stm32f4xx_hal.o
 .ARM.attributes
                0x000001af       0x34 ./Drivers/STM32F4xx_HAL_Driver/Src/stm32f4xx_hal_cortex.o
 .ARM.attributes
                0x000001e3       0x34 ./Drivers/STM32F4xx_HAL_Driver/Src/stm32f4xx_hal_dma.o
 .ARM.attributes
                0x00000217       0x34 ./Drivers/STM32F4xx_HAL_Driver/Src/stm32f4xx_hal_gpio.o
 .ARM.attributes
                0x0000024b       0x34 ./Drivers/STM32F4xx_HAL_Driver/Src/stm32f4xx_hal_i2c.o
 .ARM.attributes
                0x0000027f       0x34 ./Drivers/STM32F4xx_HAL_Driver/Src/stm32f4xx_hal_rcc.o
 .ARM.attributes
                0x000002b3       0x34 ./Drivers/STM32F4xx_HAL_Driver/Src/stm32f4xx_hal_spi.o
 .ARM.attributes
                0x000002e7       0x34 ./Drivers/STM32F4xx_HAL_Driver/Src/stm32f4xx_hal_tim.o
 .ARM.attributes
                0x0000031b       0x34 ./Drivers/STM32F4xx_HAL_Driver/Src/stm32f4xx_hal_tim_ex.o
 .ARM.attributes
                0x0000034f       0x34 ./Drivers/STM32F4xx_HAL_Driver/Src/stm32f4xx_hal_uart.o
 .ARM.attributes
                0x00000383       0x34 C:/ST/STM32CubeIDE_1.14.0/STM32CubeIDE/plugins/com.st.stm32cube.ide.mcu.externaltools.gnu-tools-for-stm32.12.3.rel1.win32_1.0.100.202403111256/tools/bin/../lib/gcc/arm-none-eabi/12.3.1/../../../../arm-none-eabi/lib/thumb/v7e-m+fp/hard\libc_nano.a(libc_a-findfp.o)
 .ARM.attributes
                0x000003b7       0x34 C:/ST/STM32CubeIDE_1.14.0/STM32CubeIDE/plugins/com.st.stm32cube.ide.mcu.externaltools.gnu-tools-for-stm32.12.3.rel1.win32_1.0.100.202403111256/tools/bin/../lib/gcc/arm-none-eabi/12.3.1/../../../../arm-none-eabi/lib/thumb/v7e-m+fp/hard\libc_nano.a(libc_a-memset.o)
 .ARM.attributes
                0x000003eb       0x34 C:/ST/STM32CubeIDE_1.14.0/STM32CubeIDE/plugins/com.st.stm32cube.ide.mcu.externaltools.gnu-tools-for-stm32.12.3.rel1.win32_1.0.100.202403111256/tools/bin/../lib/gcc/arm-none-eabi/12.3.1/../../../../arm-none-eabi/lib/thumb/v7e-m+fp/hard\libc_nano.a(libc_a-impure.o)
 .ARM.attributes
                0x0000041f       0x34 C:/ST/STM32CubeIDE_1.14.0/STM32CubeIDE/plugins/com.st.stm32cube.ide.mcu.externaltools.gnu-tools-for-stm32.12.3.rel1.win32_1.0.100.202403111256/tools/bin/../lib/gcc/arm-none-eabi/12.3.1/../../../../arm-none-eabi/lib/thumb/v7e-m+fp/hard\libc_nano.a(libc_a-errno.o)
 .ARM.attributes
                0x00000453       0x34 C:/ST/STM32CubeIDE_1.14.0/STM32CubeIDE/plugins/com.st.stm32cube.ide.mcu.externaltools.gnu-tools-for-stm32.12.3.rel1.win32_1.0.100.202403111256/tools/bin/../lib/gcc/arm-none-eabi/12.3.1/../../../../arm-none-eabi/lib/thumb/v7e-m+fp/hard\libc_nano.a(libc_a-init.o)
 .ARM.attributes
                0x00000487       0x34 C:/ST/STM32CubeIDE_1.14.0/STM32CubeIDE/plugins/com.st.stm32cube.ide.mcu.externaltools.gnu-tools-for-stm32.12.3.rel1.win32_1.0.100.202403111256/tools/bin/../lib/gcc/arm-none-eabi/12.3.1/../../../../arm-none-eabi/lib/thumb/v7e-m+fp/hard\libm.a(libm_a-w_pow.o)
 .ARM.attributes
                0x000004bb       0x34 C:/ST/STM32CubeIDE_1.14.0/STM32CubeIDE/plugins/com.st.stm32cube.ide.mcu.externaltools.gnu-tools-for-stm32.12.3.rel1.win32_1.0.100.202403111256/tools/bin/../lib/gcc/arm-none-eabi/12.3.1/../../../../arm-none-eabi/lib/thumb/v7e-m+fp/hard\libm.a(libm_a-w_sqrt.o)
 .ARM.attributes
                0x000004ef       0x34 C:/ST/STM32CubeIDE_1.14.0/STM32CubeIDE/plugins/com.st.stm32cube.ide.mcu.externaltools.gnu-tools-for-stm32.12.3.rel1.win32_1.0.100.202403111256/tools/bin/../lib/gcc/arm-none-eabi/12.3.1/../../../../arm-none-eabi/lib/thumb/v7e-m+fp/hard\libm.a(libm_a-s_atan.o)
 .ARM.attributes
                0x00000523       0x34 C:/ST/STM32CubeIDE_1.14.0/STM32CubeIDE/plugins/com.st.stm32cube.ide.mcu.externaltools.gnu-tools-for-stm32.12.3.rel1.win32_1.0.100.202403111256/tools/bin/../lib/gcc/arm-none-eabi/12.3.1/../../../../arm-none-eabi/lib/thumb/v7e-m+fp/hard\libm.a(libm_a-s_fabs.o)
 .ARM.attributes
                0x00000557       0x34 C:/ST/STM32CubeIDE_1.14.0/STM32CubeIDE/plugins/com.st.stm32cube.ide.mcu.externaltools.gnu-tools-for-stm32.12.3.rel1.win32_1.0.100.202403111256/tools/bin/../lib/gcc/arm-none-eabi/12.3.1/../../../../arm-none-eabi/lib/thumb/v7e-m+fp/hard\libm.a(libm_a-wf_pow.o)
 .ARM.attributes
                0x0000058b       0x34 C:/ST/STM32CubeIDE_1.14.0/STM32CubeIDE/plugins/com.st.stm32cube.ide.mcu.externaltools.gnu-tools-for-stm32.12.3.rel1.win32_1.0.100.202403111256/tools/bin/../lib/gcc/arm-none-eabi/12.3.1/../../../../arm-none-eabi/lib/thumb/v7e-m+fp/hard\libm.a(libm_a-s_finite.o)
 .ARM.attributes
                0x000005bf       0x34 C:/ST/STM32CubeIDE_1.14.0/STM32CubeIDE/plugins/com.st.stm32cube.ide.mcu.externaltools.gnu-tools-for-stm32.12.3.rel1.win32_1.0.100.202403111256/tools/bin/../lib/gcc/arm-none-eabi/12.3.1/../../../../arm-none-eabi/lib/thumb/v7e-m+fp/hard\libm.a(libm_a-sf_finite.o)
 .ARM.attributes
                0x000005f3       0x34 C:/ST/STM32CubeIDE_1.14.0/STM32CubeIDE/plugins/com.st.stm32cube.ide.mcu.externaltools.gnu-tools-for-stm32.12.3.rel1.win32_1.0.100.202403111256/tools/bin/../lib/gcc/arm-none-eabi/12.3.1/../../../../arm-none-eabi/lib/thumb/v7e-m+fp/hard\libm.a(libm_a-e_sqrt.o)
 .ARM.attributes
                0x00000627       0x34 C:/ST/STM32CubeIDE_1.14.0/STM32CubeIDE/plugins/com.st.stm32cube.ide.mcu.externaltools.gnu-tools-for-stm32.12.3.rel1.win32_1.0.100.202403111256/tools/bin/../lib/gcc/arm-none-eabi/12.3.1/../../../../arm-none-eabi/lib/thumb/v7e-m+fp/hard\libm.a(libm_a-e_pow.o)
 .ARM.attributes
                0x0000065b       0x34 C:/ST/STM32CubeIDE_1.14.0/STM32CubeIDE/plugins/com.st.stm32cube.ide.mcu.externaltools.gnu-tools-for-stm32.12.3.rel1.win32_1.0.100.202403111256/tools/bin/../lib/gcc/arm-none-eabi/12.3.1/../../../../arm-none-eabi/lib/thumb/v7e-m+fp/hard\libm.a(libm_a-ef_pow.o)
 .ARM.attributes
                0x0000068f       0x34 C:/ST/STM32CubeIDE_1.14.0/STM32CubeIDE/plugins/com.st.stm32cube.ide.mcu.externaltools.gnu-tools-for-stm32.12.3.rel1.win32_1.0.100.202403111256/tools/bin/../lib/gcc/arm-none-eabi/12.3.1/../../../../arm-none-eabi/lib/thumb/v7e-m+fp/hard\libm.a(libm_a-sf_fabs.o)
 .ARM.attributes
                0x000006c3       0x34 C:/ST/STM32CubeIDE_1.14.0/STM32CubeIDE/plugins/com.st.stm32cube.ide.mcu.externaltools.gnu-tools-for-stm32.12.3.rel1.win32_1.0.100.202403111256/tools/bin/../lib/gcc/arm-none-eabi/12.3.1/../../../../arm-none-eabi/lib/thumb/v7e-m+fp/hard\libm.a(libm_a-s_scalbn.o)
 .ARM.attributes
                0x000006f7       0x34 C:/ST/STM32CubeIDE_1.14.0/STM32CubeIDE/plugins/com.st.stm32cube.ide.mcu.externaltools.gnu-tools-for-stm32.12.3.rel1.win32_1.0.100.202403111256/tools/bin/../lib/gcc/arm-none-eabi/12.3.1/../../../../arm-none-eabi/lib/thumb/v7e-m+fp/hard\libm.a(libm_a-math_err.o)
 .ARM.attributes
                0x0000072b       0x34 C:/ST/STM32CubeIDE_1.14.0/STM32CubeIDE/plugins/com.st.stm32cube.ide.mcu.externaltools.gnu-tools-for-stm32.12.3.rel1.win32_1.0.100.202403111256/tools/bin/../lib/gcc/arm-none-eabi/12.3.1/../../../../arm-none-eabi/lib/thumb/v7e-m+fp/hard\libm.a(libm_a-sf_scalbn.o)
 .ARM.attributes
                0x0000075f       0x34 C:/ST/STM32CubeIDE_1.14.0/STM32CubeIDE/plugins/com.st.stm32cube.ide.mcu.externaltools.gnu-tools-for-stm32.12.3.rel1.win32_1.0.100.202403111256/tools/bin/../lib/gcc/arm-none-eabi/12.3.1/../../../../arm-none-eabi/lib/thumb/v7e-m+fp/hard\libm.a(libm_a-math_errf.o)
 .ARM.attributes
                0x00000793       0x34 C:/ST/STM32CubeIDE_1.14.0/STM32CubeIDE/plugins/com.st.stm32cube.ide.mcu.externaltools.gnu-tools-for-stm32.12.3.rel1.win32_1.0.100.202403111256/tools/bin/../lib/gcc/arm-none-eabi/12.3.1/../../../../arm-none-eabi/lib/thumb/v7e-m+fp/hard\libm.a(libm_a-ef_sqrt.o)
 .ARM.attributes
                0x000007c7       0x22 C:/ST/STM32CubeIDE_1.14.0/STM32CubeIDE/plugins/com.st.stm32cube.ide.mcu.externaltools.gnu-tools-for-stm32.12.3.rel1.win32_1.0.100.202403111256/tools/bin/../lib/gcc/arm-none-eabi/12.3.1/thumb/v7e-m+fp/hard\libgcc.a(_arm_addsubdf3.o)
 .ARM.attributes
                0x000007e9       0x22 C:/ST/STM32CubeIDE_1.14.0/STM32CubeIDE/plugins/com.st.stm32cube.ide.mcu.externaltools.gnu-tools-for-stm32.12.3.rel1.win32_1.0.100.202403111256/tools/bin/../lib/gcc/arm-none-eabi/12.3.1/thumb/v7e-m+fp/hard\libgcc.a(_arm_muldivdf3.o)
 .ARM.attributes
                0x0000080b       0x22 C:/ST/STM32CubeIDE_1.14.0/STM32CubeIDE/plugins/com.st.stm32cube.ide.mcu.externaltools.gnu-tools-for-stm32.12.3.rel1.win32_1.0.100.202403111256/tools/bin/../lib/gcc/arm-none-eabi/12.3.1/thumb/v7e-m+fp/hard\libgcc.a(_arm_cmpdf2.o)
 .ARM.attributes
                0x0000082d       0x22 C:/ST/STM32CubeIDE_1.14.0/STM32CubeIDE/plugins/com.st.stm32cube.ide.mcu.externaltools.gnu-tools-for-stm32.12.3.rel1.win32_1.0.100.202403111256/tools/bin/../lib/gcc/arm-none-eabi/12.3.1/thumb/v7e-m+fp/hard\libgcc.a(_arm_unorddf2.o)
 .ARM.attributes
                0x0000084f       0x22 C:/ST/STM32CubeIDE_1.14.0/STM32CubeIDE/plugins/com.st.stm32cube.ide.mcu.externaltools.gnu-tools-for-stm32.12.3.rel1.win32_1.0.100.202403111256/tools/bin/../lib/gcc/arm-none-eabi/12.3.1/thumb/v7e-m+fp/hard\libgcc.a(_arm_fixdfsi.o)
 .ARM.attributes
                0x00000871       0x22 C:/ST/STM32CubeIDE_1.14.0/STM32CubeIDE/plugins/com.st.stm32cube.ide.mcu.externaltools.gnu-tools-for-stm32.12.3.rel1.win32_1.0.100.202403111256/tools/bin/../lib/gcc/arm-none-eabi/12.3.1/thumb/v7e-m+fp/hard\libgcc.a(_arm_truncdfsf2.o)
 .ARM.attributes
                0x00000893       0x22 C:/ST/STM32CubeIDE_1.14.0/STM32CubeIDE/plugins/com.st.stm32cube.ide.mcu.externaltools.gnu-tools-for-stm32.12.3.rel1.win32_1.0.100.202403111256/tools/bin/../lib/gcc/arm-none-eabi/12.3.1/thumb/v7e-m+fp/hard\libgcc.a(_aeabi_uldivmod.o)
 .ARM.attributes
                0x000008b5       0x34 C:/ST/STM32CubeIDE_1.14.0/STM32CubeIDE/plugins/com.st.stm32cube.ide.mcu.externaltools.gnu-tools-for-stm32.12.3.rel1.win32_1.0.100.202403111256/tools/bin/../lib/gcc/arm-none-eabi/12.3.1/thumb/v7e-m+fp/hard\libgcc.a(_fixdfdi.o)
 .ARM.attributes
                0x000008e9       0x34 C:/ST/STM32CubeIDE_1.14.0/STM32CubeIDE/plugins/com.st.stm32cube.ide.mcu.externaltools.gnu-tools-for-stm32.12.3.rel1.win32_1.0.100.202403111256/tools/bin/../lib/gcc/arm-none-eabi/12.3.1/thumb/v7e-m+fp/hard\libgcc.a(_fixunsdfdi.o)
 .ARM.attributes
                0x0000091d       0x34 C:/ST/STM32CubeIDE_1.14.0/STM32CubeIDE/plugins/com.st.stm32cube.ide.mcu.externaltools.gnu-tools-for-stm32.12.3.rel1.win32_1.0.100.202403111256/tools/bin/../lib/gcc/arm-none-eabi/12.3.1/thumb/v7e-m+fp/hard\libgcc.a(_udivmoddi4.o)
 .ARM.attributes
                0x00000951       0x22 C:/ST/STM32CubeIDE_1.14.0/STM32CubeIDE/plugins/com.st.stm32cube.ide.mcu.externaltools.gnu-tools-for-stm32.12.3.rel1.win32_1.0.100.202403111256/tools/bin/../lib/gcc/arm-none-eabi/12.3.1/thumb/v7e-m+fp/hard\libgcc.a(_dvmd_tls.o)
 .ARM.attributes
                0x00000973       0x22 C:/ST/STM32CubeIDE_1.14.0/STM32CubeIDE/plugins/com.st.stm32cube.ide.mcu.externaltools.gnu-tools-for-stm32.12.3.rel1.win32_1.0.100.202403111256/tools/bin/../lib/gcc/arm-none-eabi/12.3.1/thumb/v7e-m+fp/hard\libgcc.a(_arm_fixunsdfsi.o)
 .ARM.attributes
                0x00000995       0x22 C:/ST/STM32CubeIDE_1.14.0/STM32CubeIDE/plugins/com.st.stm32cube.ide.mcu.externaltools.gnu-tools-for-stm32.12.3.rel1.win32_1.0.100.202403111256/tools/bin/../lib/gcc/arm-none-eabi/12.3.1/thumb/v7e-m+fp/hard/crtn.o
OUTPUT(DA_F4_ide.elf elf32-littlearm)
LOAD linker stubs
LOAD C:/ST/STM32CubeIDE_1.14.0/STM32CubeIDE/plugins/com.st.stm32cube.ide.mcu.externaltools.gnu-tools-for-stm32.12.3.rel1.win32_1.0.100.202403111256/tools/bin/../lib/gcc/arm-none-eabi/12.3.1/../../../../arm-none-eabi/lib/thumb/v7e-m+fp/hard\libc.a
LOAD C:/ST/STM32CubeIDE_1.14.0/STM32CubeIDE/plugins/com.st.stm32cube.ide.mcu.externaltools.gnu-tools-for-stm32.12.3.rel1.win32_1.0.100.202403111256/tools/bin/../lib/gcc/arm-none-eabi/12.3.1/../../../../arm-none-eabi/lib/thumb/v7e-m+fp/hard\libm.a
LOAD C:/ST/STM32CubeIDE_1.14.0/STM32CubeIDE/plugins/com.st.stm32cube.ide.mcu.externaltools.gnu-tools-for-stm32.12.3.rel1.win32_1.0.100.202403111256/tools/bin/../lib/gcc/arm-none-eabi/12.3.1/thumb/v7e-m+fp/hard\libgcc.a

.debug_info     0x00000000    0x12832
 .debug_info    0x00000000     0x28c9 ./Core/Src/main.o
 .debug_info    0x000028c9     0x174a ./Core/Src/stm32f4xx_hal_msp.o
 .debug_info    0x00004013      0xa67 ./Core/Src/stm32f4xx_it.o
 .debug_info    0x00004a7a      0x512 ./Core/Src/system_stm32f4xx.o
 .debug_info    0x00004f8c      0x203 ./Core/Src/wire.o
 .debug_info    0x0000518f       0x30 ./Core/Startup/startup_stm32f407vgtx.o
 .debug_info    0x000051bf      0x948 ./Drivers/STM32F4xx_HAL_Driver/Src/stm32f4xx_hal.o
 .debug_info    0x00005b07      0xd46 ./Drivers/STM32F4xx_HAL_Driver/Src/stm32f4xx_hal_cortex.o
 .debug_info    0x0000684d      0x8e7 ./Drivers/STM32F4xx_HAL_Driver/Src/stm32f4xx_hal_dma.o
 .debug_info    0x00007134      0x6c3 ./Drivers/STM32F4xx_HAL_Driver/Src/stm32f4xx_hal_gpio.o
 .debug_info    0x000077f7     0x23e1 ./Drivers/STM32F4xx_HAL_Driver/Src/stm32f4xx_hal_i2c.o
 .debug_info    0x00009bd8      0x8b1 ./Drivers/STM32F4xx_HAL_Driver/Src/stm32f4xx_hal_rcc.o
 .debug_info    0x0000a489     0x15fb ./Drivers/STM32F4xx_HAL_Driver/Src/stm32f4xx_hal_spi.o
 .debug_info    0x0000ba84     0x2948 ./Drivers/STM32F4xx_HAL_Driver/Src/stm32f4xx_hal_tim.o
 .debug_info    0x0000e3cc     0x14ae ./Drivers/STM32F4xx_HAL_Driver/Src/stm32f4xx_hal_tim_ex.o
 .debug_info    0x0000f87a     0x2fb8 ./Drivers/STM32F4xx_HAL_Driver/Src/stm32f4xx_hal_uart.o

.debug_abbrev   0x00000000     0x2481
 .debug_abbrev  0x00000000      0x482 ./Core/Src/main.o
 .debug_abbrev  0x00000482      0x27e ./Core/Src/stm32f4xx_hal_msp.o
 .debug_abbrev  0x00000700      0x1cb ./Core/Src/stm32f4xx_it.o
 .debug_abbrev  0x000008cb      0x11a ./Core/Src/system_stm32f4xx.o
 .debug_abbrev  0x000009e5      0x124 ./Core/Src/wire.o
 .debug_abbrev  0x00000b09       0x24 ./Core/Startup/startup_stm32f407vgtx.o
 .debug_abbrev  0x00000b2d      0x213 ./Drivers/STM32F4xx_HAL_Driver/Src/stm32f4xx_hal.o
 .debug_abbrev  0x00000d40      0x327 ./Drivers/STM32F4xx_HAL_Driver/Src/stm32f4xx_hal_cortex.o
 .debug_abbrev  0x00001067      0x264 ./Drivers/STM32F4xx_HAL_Driver/Src/stm32f4xx_hal_dma.o
 .debug_abbrev  0x000012cb      0x1d4 ./Drivers/STM32F4xx_HAL_Driver/Src/stm32f4xx_hal_gpio.o
 .debug_abbrev  0x0000149f      0x2ad ./Drivers/STM32F4xx_HAL_Driver/Src/stm32f4xx_hal_i2c.o
 .debug_abbrev  0x0000174c      0x2b6 ./Drivers/STM32F4xx_HAL_Driver/Src/stm32f4xx_hal_rcc.o
 .debug_abbrev  0x00001a02      0x284 ./Drivers/STM32F4xx_HAL_Driver/Src/stm32f4xx_hal_spi.o
 .debug_abbrev  0x00001c86      0x271 ./Drivers/STM32F4xx_HAL_Driver/Src/stm32f4xx_hal_tim.o
 .debug_abbrev  0x00001ef7      0x27c ./Drivers/STM32F4xx_HAL_Driver/Src/stm32f4xx_hal_tim_ex.o
 .debug_abbrev  0x00002173      0x30e ./Drivers/STM32F4xx_HAL_Driver/Src/stm32f4xx_hal_uart.o

.debug_aranges  0x00000000     0x11d8
 .debug_aranges
                0x00000000      0x118 ./Core/Src/main.o
 .debug_aranges
                0x00000118       0x78 ./Core/Src/stm32f4xx_hal_msp.o
 .debug_aranges
                0x00000190       0xb0 ./Core/Src/stm32f4xx_it.o
 .debug_aranges
                0x00000240       0x28 ./Core/Src/system_stm32f4xx.o
 .debug_aranges
                0x00000268       0x28 ./Core/Src/wire.o
 .debug_aranges
                0x00000290       0x28 ./Core/Startup/startup_stm32f407vgtx.o
 .debug_aranges
                0x000002b8       0xf0 ./Drivers/STM32F4xx_HAL_Driver/Src/stm32f4xx_hal.o
 .debug_aranges
                0x000003a8      0x118 ./Drivers/STM32F4xx_HAL_Driver/Src/stm32f4xx_hal_cortex.o
 .debug_aranges
                0x000004c0       0x90 ./Drivers/STM32F4xx_HAL_Driver/Src/stm32f4xx_hal_dma.o
 .debug_aranges
                0x00000550       0x58 ./Drivers/STM32F4xx_HAL_Driver/Src/stm32f4xx_hal_gpio.o
 .debug_aranges
                0x000005a8      0x2a0 ./Drivers/STM32F4xx_HAL_Driver/Src/stm32f4xx_hal_i2c.o
 .debug_aranges
                0x00000848       0x88 ./Drivers/STM32F4xx_HAL_Driver/Src/stm32f4xx_hal_rcc.o
 .debug_aranges
                0x000008d0      0x1d0 ./Drivers/STM32F4xx_HAL_Driver/Src/stm32f4xx_hal_spi.o
 .debug_aranges
                0x00000aa0      0x3d0 ./Drivers/STM32F4xx_HAL_Driver/Src/stm32f4xx_hal_tim.o
 .debug_aranges
                0x00000e70      0x168 ./Drivers/STM32F4xx_HAL_Driver/Src/stm32f4xx_hal_tim_ex.o
 .debug_aranges
                0x00000fd8      0x200 ./Drivers/STM32F4xx_HAL_Driver/Src/stm32f4xx_hal_uart.o

.debug_rnglists
                0x00000000      0xe35
 .debug_rnglists
                0x00000000       0xe0 ./Core/Src/main.o
 .debug_rnglists
                0x000000e0       0x5c ./Core/Src/stm32f4xx_hal_msp.o
 .debug_rnglists
                0x0000013c       0x7f ./Core/Src/stm32f4xx_it.o
 .debug_rnglists
                0x000001bb       0x1a ./Core/Src/system_stm32f4xx.o
 .debug_rnglists
                0x000001d5       0x1b ./Core/Src/wire.o
 .debug_rnglists
                0x000001f0       0x19 ./Core/Startup/startup_stm32f407vgtx.o
 .debug_rnglists
                0x00000209       0xaf ./Drivers/STM32F4xx_HAL_Driver/Src/stm32f4xx_hal.o
 .debug_rnglists
                0x000002b8       0xce ./Drivers/STM32F4xx_HAL_Driver/Src/stm32f4xx_hal_cortex.o
 .debug_rnglists
                0x00000386       0x70 ./Drivers/STM32F4xx_HAL_Driver/Src/stm32f4xx_hal_dma.o
 .debug_rnglists
                0x000003f6       0x3f ./Drivers/STM32F4xx_HAL_Driver/Src/stm32f4xx_hal_gpio.o
 .debug_rnglists
                0x00000435      0x235 ./Drivers/STM32F4xx_HAL_Driver/Src/stm32f4xx_hal_i2c.o
 .debug_rnglists
                0x0000066a       0x66 ./Drivers/STM32F4xx_HAL_Driver/Src/stm32f4xx_hal_rcc.o
 .debug_rnglists
                0x000006d0      0x16f ./Drivers/STM32F4xx_HAL_Driver/Src/stm32f4xx_hal_spi.o
 .debug_rnglists
                0x0000083f      0x31a ./Drivers/STM32F4xx_HAL_Driver/Src/stm32f4xx_hal_tim.o
 .debug_rnglists