../Core/Src/main.c:146:6:fault_dec	4	static
../Core/Src/main.c:150:6:Send_Data_To_Gui	40	static
../Core/Src/main.c:178:6:kalman_1d	40	static
../Core/Src/main.c:190:5:SetValue	24	static
../Core/Src/main.c:197:6:HAL_GPIO_EXTI_Callback	32	static
../Core/Src/main.c:215:6:MPU6050_Init	32	static
../Core/Src/main.c:255:19:MPU6050_Read_Data	56	static
../Core/Src/main.c:302:6:pid_equation	56	static
../Core/Src/main.c:318:6:reset_pid	4	static
../Core/Src/main.c:325:6:setupSensor	16	static
../Core/Src/main.c:337:5:getPressure	176	static
../Core/Src/main.c:403:6:HAL_TIM_PeriodElapsedCallback	16	static
../Core/Src/main.c:411:6:HAL_UARTEx_RxEventCallback	24	static
../Core/Src/main.c:463:5:main	16	static
../Core/Src/main.c:691:6:SystemClock_Config	88	static
../Core/Src/main.c:738:13:MX_I2C1_Init	8	static
../Core/Src/main.c:772:13:MX_I2C2_Init	8	static
../Core/Src/main.c:806:13:MX_SPI3_Init	8	static
../Core/Src/main.c:844:13:MX_TIM1_Init	32	static
../Core/Src/main.c:890:13:MX_TIM2_Init	32	static
../Core/Src/main.c:935:13:MX_TIM3_Init	48	static
../Core/Src/main.c:996:13:MX_TIM4_Init	32	static
../Core/Src/main.c:1041:13:MX_USART2_UART_Init	8	static
../Core/Src/main.c:1074:13:MX_USART3_UART_Init	8	static
../Core/Src/main.c:1105:13:MX_DMA_Init	16	static
../Core/Src/main.c:1138:13:MX_GPIO_Init	48	static
../Core/Src/main.c:1176:5:Receive_Throttle_Min	4	static
../Core/Src/main.c:1182:6:Calib_Gyro	16	static
../Core/Src/main.c:1197:6:Calib_BMP280	16	static
../Core/Src/main.c:1208:6:Reset_MPU6050	8	static
../Core/Src/main.c:1268:6:matrix_multiply	40	static
../Core/Src/main.c:1285:6:Error_Handler	4	static,ignoring_inline_asm
